Archive member included to satisfy reference by file (symbol)

C:/ST/STM32CubeIDE_1.18.0/STM32CubeIDE/plugins/com.st.stm32cube.ide.mcu.externaltools.gnu-tools-for-stm32.13.3.rel1.win32_1.0.0.202411081344/tools/bin/../lib/gcc/arm-none-eabi/13.3.1/../../../../arm-none-eabi/lib/thumb/v6-m/nofp\libc_nano.a(libc_a-exit.o)
                              C:/ST/STM32CubeIDE_1.18.0/STM32CubeIDE/plugins/com.st.stm32cube.ide.mcu.externaltools.gnu-tools-for-stm32.13.3.rel1.win32_1.0.0.202411081344/tools/bin/../lib/gcc/arm-none-eabi/13.3.1/../../../../arm-none-eabi/lib/thumb/v6-m/nofp/crt0.o (exit)
C:/ST/STM32CubeIDE_1.18.0/STM32CubeIDE/plugins/com.st.stm32cube.ide.mcu.externaltools.gnu-tools-for-stm32.13.3.rel1.win32_1.0.0.202411081344/tools/bin/../lib/gcc/arm-none-eabi/13.3.1/../../../../arm-none-eabi/lib/thumb/v6-m/nofp\libc_nano.a(libc_a-malloc.o)
                              ./Core/Middlewares/Queue/Queue.o (malloc)
C:/ST/STM32CubeIDE_1.18.0/STM32CubeIDE/plugins/com.st.stm32cube.ide.mcu.externaltools.gnu-tools-for-stm32.13.3.rel1.win32_1.0.0.202411081344/tools/bin/../lib/gcc/arm-none-eabi/13.3.1/../../../../arm-none-eabi/lib/thumb/v6-m/nofp\libc_nano.a(libc_a-mallocr.o)
                              C:/ST/STM32CubeIDE_1.18.0/STM32CubeIDE/plugins/com.st.stm32cube.ide.mcu.externaltools.gnu-tools-for-stm32.13.3.rel1.win32_1.0.0.202411081344/tools/bin/../lib/gcc/arm-none-eabi/13.3.1/../../../../arm-none-eabi/lib/thumb/v6-m/nofp\libc_nano.a(libc_a-malloc.o) (_malloc_r)
C:/ST/STM32CubeIDE_1.18.0/STM32CubeIDE/plugins/com.st.stm32cube.ide.mcu.externaltools.gnu-tools-for-stm32.13.3.rel1.win32_1.0.0.202411081344/tools/bin/../lib/gcc/arm-none-eabi/13.3.1/../../../../arm-none-eabi/lib/thumb/v6-m/nofp\libc_nano.a(libc_a-mlock.o)
                              C:/ST/STM32CubeIDE_1.18.0/STM32CubeIDE/plugins/com.st.stm32cube.ide.mcu.externaltools.gnu-tools-for-stm32.13.3.rel1.win32_1.0.0.202411081344/tools/bin/../lib/gcc/arm-none-eabi/13.3.1/../../../../arm-none-eabi/lib/thumb/v6-m/nofp\libc_nano.a(libc_a-mallocr.o) (__malloc_lock)
C:/ST/STM32CubeIDE_1.18.0/STM32CubeIDE/plugins/com.st.stm32cube.ide.mcu.externaltools.gnu-tools-for-stm32.13.3.rel1.win32_1.0.0.202411081344/tools/bin/../lib/gcc/arm-none-eabi/13.3.1/../../../../arm-none-eabi/lib/thumb/v6-m/nofp\libc_nano.a(libc_a-mstats.o)
                              ./sdk-stm32l0xx/src/util.o (mallinfo)
C:/ST/STM32CubeIDE_1.18.0/STM32CubeIDE/plugins/com.st.stm32cube.ide.mcu.externaltools.gnu-tools-for-stm32.13.3.rel1.win32_1.0.0.202411081344/tools/bin/../lib/gcc/arm-none-eabi/13.3.1/../../../../arm-none-eabi/lib/thumb/v6-m/nofp\libc_nano.a(libc_a-msize.o)
                              ./Core/Middlewares/Scheduler/Scheduler.o (malloc_usable_size)
C:/ST/STM32CubeIDE_1.18.0/STM32CubeIDE/plugins/com.st.stm32cube.ide.mcu.externaltools.gnu-tools-for-stm32.13.3.rel1.win32_1.0.0.202411081344/tools/bin/../lib/gcc/arm-none-eabi/13.3.1/../../../../arm-none-eabi/lib/thumb/v6-m/nofp\libc_nano.a(libc_a-malloptr.o)
                              C:/ST/STM32CubeIDE_1.18.0/STM32CubeIDE/plugins/com.st.stm32cube.ide.mcu.externaltools.gnu-tools-for-stm32.13.3.rel1.win32_1.0.0.202411081344/tools/bin/../lib/gcc/arm-none-eabi/13.3.1/../../../../arm-none-eabi/lib/thumb/v6-m/nofp\libc_nano.a(libc_a-mstats.o) (_mallopt_r)
C:/ST/STM32CubeIDE_1.18.0/STM32CubeIDE/plugins/com.st.stm32cube.ide.mcu.externaltools.gnu-tools-for-stm32.13.3.rel1.win32_1.0.0.202411081344/tools/bin/../lib/gcc/arm-none-eabi/13.3.1/../../../../arm-none-eabi/lib/thumb/v6-m/nofp\libc_nano.a(libc_a-findfp.o)
                              C:/ST/STM32CubeIDE_1.18.0/STM32CubeIDE/plugins/com.st.stm32cube.ide.mcu.externaltools.gnu-tools-for-stm32.13.3.rel1.win32_1.0.0.202411081344/tools/bin/../lib/gcc/arm-none-eabi/13.3.1/../../../../arm-none-eabi/lib/thumb/v6-m/nofp\libc_nano.a(libc_a-exit.o) (__stdio_exit_handler)
C:/ST/STM32CubeIDE_1.18.0/STM32CubeIDE/plugins/com.st.stm32cube.ide.mcu.externaltools.gnu-tools-for-stm32.13.3.rel1.win32_1.0.0.202411081344/tools/bin/../lib/gcc/arm-none-eabi/13.3.1/../../../../arm-none-eabi/lib/thumb/v6-m/nofp\libc_nano.a(libc_a-fprintf.o)
                              C:/ST/STM32CubeIDE_1.18.0/STM32CubeIDE/plugins/com.st.stm32cube.ide.mcu.externaltools.gnu-tools-for-stm32.13.3.rel1.win32_1.0.0.202411081344/tools/bin/../lib/gcc/arm-none-eabi/13.3.1/../../../../arm-none-eabi/lib/thumb/v6-m/nofp\libc_nano.a(libc_a-mstats.o) (fiprintf)
C:/ST/STM32CubeIDE_1.18.0/STM32CubeIDE/plugins/com.st.stm32cube.ide.mcu.externaltools.gnu-tools-for-stm32.13.3.rel1.win32_1.0.0.202411081344/tools/bin/../lib/gcc/arm-none-eabi/13.3.1/../../../../arm-none-eabi/lib/thumb/v6-m/nofp\libc_nano.a(libc_a-fwalk.o)
                              C:/ST/STM32CubeIDE_1.18.0/STM32CubeIDE/plugins/com.st.stm32cube.ide.mcu.externaltools.gnu-tools-for-stm32.13.3.rel1.win32_1.0.0.202411081344/tools/bin/../lib/gcc/arm-none-eabi/13.3.1/../../../../arm-none-eabi/lib/thumb/v6-m/nofp\libc_nano.a(libc_a-findfp.o) (_fwalk_sglue)
[...]
Memory Configuration

Name             Origin             Length             Attributes
RAM              0x20000000         0x00005000         xrw
FLASH            0x08000000         0x00020000         xr
*default*        0x00000000         0xffffffff

Linker script and memory map

LOAD C:/ST/STM32CubeIDE_1.18.0/STM32CubeIDE/plugins/com.st.stm32cube.ide.mcu.externaltools.gnu-tools-for-stm32.13.3.rel1.win32_1.0.0.202411081344/tools/bin/../lib/gcc/arm-none-eabi/13.3.1/thumb/v6-m/nofp/crti.o
LOAD C:/ST/STM32CubeIDE_1.18.0/STM32CubeIDE/plugins/com.st.stm32cube.ide.mcu.externaltools.gnu-tools-for-stm32.13.3.rel1.win32_1.0.0.202411081344/tools/bin/../lib/gcc/arm-none-eabi/13.3.1/thumb/v6-m/nofp/crtbegin.o
LOAD C:/ST/STM32CubeIDE_1.18.0/STM32CubeIDE/plugins/com.st.stm32cube.ide.mcu.externaltools.gnu-tools-for-stm32.13.3.rel1.win32_1.0.0.202411081344/tools/bin/../lib/gcc/arm-none-eabi/13.3.1/../../../../arm-none-eabi/lib/thumb/v6-m/nofp/crt0.o
LOAD ./Core/App/Src/rfio_driver.o
LOAD ./Core/Middlewares/Queue/Queue.o
LOAD ./Core/Middlewares/Scheduler/Scheduler.o
LOAD ./Core/Src/main.o
LOAD ./Core/Src/stm32l0xx_hal_msp.o
LOAD ./Core/Src/stm32l0xx_it.o
LOAD ./Core/Src/syscalls.o
LOAD ./Core/Src/sysmem.o
LOAD ./Core/Src/system_stm32l0xx.o
LOAD ./Core/Startup/startup_stm32l082kbux.o
LOAD ./Drivers/GPIO/GPIO.o
LOAD ./Drivers/STM32L0xx_HAL_Driver/Src/stm32l0xx_hal.o
LOAD ./Drivers/STM32L0xx_HAL_Driver/Src/stm32l0xx_hal_cortex.o
LOAD ./Drivers/STM32L0xx_HAL_Driver/Src/stm32l0xx_hal_crc.o
LOAD ./Drivers/STM32L0xx_HAL_Driver/Src/stm32l0xx_hal_crc_ex.o
LOAD ./Drivers/STM32L0xx_HAL_Driver/Src/stm32l0xx_hal_dma.o
LOAD ./Drivers/STM32L0xx_HAL_Driver/Src/stm32l0xx_hal_exti.o
LOAD ./Drivers/STM32L0xx_HAL_Driver/Src/stm32l0xx_hal_flash.o
LOAD ./Drivers/STM32L0xx_HAL_Driver/Src/stm32l0xx_hal_flash_ex.o
LOAD ./Drivers/STM32L0xx_HAL_Driver/Src/stm32l0xx_hal_flash_ramfunc.o
LOAD ./Drivers/STM32L0xx_HAL_Driver/Src/stm32l0xx_hal_gpio.o
LOAD ./Drivers/STM32L0xx_HAL_Driver/Src/stm32l0xx_hal_i2c.o
LOAD ./Drivers/STM32L0xx_HAL_Driver/Src/stm32l0xx_hal_i2c_ex.o
LOAD ./Drivers/STM32L0xx_HAL_Driver/Src/stm32l0xx_hal_iwdg.o
LOAD ./Drivers/STM32L0xx_HAL_Driver/Src/stm32l0xx_hal_pwr.o
LOAD ./Drivers/STM32L0xx_HAL_Driver/Src/stm32l0xx_hal_pwr_ex.o
LOAD ./Drivers/STM32L0xx_HAL_Driver/Src/stm32l0xx_hal_rcc.o
LOAD ./Drivers/STM32L0xx_HAL_Driver/Src/stm32l0xx_hal_rcc_ex.o
LOAD ./Drivers/STM32L0xx_HAL_Driver/Src/stm32l0xx_hal_tim.o
LOAD ./Drivers/STM32L0xx_HAL_Driver/Src/stm32l0xx_hal_tim_ex.o
LOAD ./Drivers/STM32L0xx_HAL_Driver/Src/stm32l0xx_hal_uart.o
LOAD ./Drivers/STM32L0xx_HAL_Driver/Src/stm32l0xx_hal_uart_ex.o
LOAD ./Drivers/UART/UART.o
LOAD ./HumPRO_900/HumPRO_900.o
LOAD ./HumPRO_900/HumPRO_900_Receiver.o
LOAD ./sdk-stm32l0xx/src/FBAllocator.o
LOAD ./sdk-stm32l0xx/src/IMsgQueue.o
LOAD ./sdk-stm32l0xx/src/Module.o
LOAD ./sdk-stm32l0xx/src/Module_Bus_Command_Parser.o
LOAD ./sdk-stm32l0xx/src/Module_Bus_Driver.o
LOAD ./sdk-stm32l0xx/src/Module_Bus_Packet.o
LOAD ./sdk-stm32l0xx/src/Module_EEPROM.o
LOAD ./sdk-stm32l0xx/src/Module_I2C_Driver.o
LOAD ./sdk-stm32l0xx/src/MsgQueue.o
LOAD ./sdk-stm32l0xx/src/RTC.o
LOAD ./sdk-stm32l0xx/src/Reg_Level_I2C_Slave.o
LOAD ./sdk-stm32l0xx/src/led_task.o
LOAD ./sdk-stm32l0xx/src/pmg_print.o
LOAD ./sdk-stm32l0xx/src/util.o
START GROUP
LOAD C:/ST/STM32CubeIDE_1.18.0/STM32CubeIDE/plugins/com.st.stm32cube.ide.mcu.externaltools.gnu-tools-for-stm32.13.3.rel1.win32_1.0.0.202411081344/tools/bin/../lib/gcc/arm-none-eabi/13.3.1/../../../../arm-none-eabi/lib/thumb/v6-m/nofp\libc_nano.a
LOAD C:/ST/STM32CubeIDE_1.18.0/STM32CubeIDE/plugins/com.st.stm32cube.ide.mcu.externaltools.gnu-tools-for-stm32.13.3.rel1.win32_1.0.0.202411081344/tools/bin/../lib/gcc/arm-none-eabi/13.3.1/../../../../arm-none-eabi/lib/thumb/v6-m/nofp\libm.a
END GROUP
START GROUP
LOAD C:/ST/STM32CubeIDE_1.18.0/STM32CubeIDE/plugins/com.st.stm32cube.ide.mcu.externaltools.gnu-tools-for-stm32.13.3.rel1.win32_1.0.0.202411081344/tools/bin/../lib/gcc/arm-none-eabi/13.3.1/thumb/v6-m/nofp\libgcc.a
LOAD C:/ST/STM32CubeIDE_1.18.0/STM32CubeIDE/plugins/com.st.stm32cube.ide.mcu.externaltools.gnu-tools-for-stm32.13.3.rel1.win32_1.0.0.202411081344/tools/bin/../lib/gcc/arm-none-eabi/13.3.1/../../../../arm-none-eabi/lib/thumb/v6-m/nofp\libc_nano.a
END GROUP
START GROUP
LOAD C:/ST/STM32CubeIDE_1.18.0/STM32CubeIDE/plugins/com.st.stm32cube.ide.mcu.externaltools.gnu-tools-for-stm32.13.3.rel1.win32_1.0.0.202411081344/tools/bin/../lib/gcc/arm-none-eabi/13.3.1/thumb/v6-m/nofp\libgcc.a
LOAD C:/ST/STM32CubeIDE_1.18.0/STM32CubeIDE/plugins/com.st.stm32cube.ide.mcu.externaltools.gnu-tools-for-stm32.13.3.rel1.win32_1.0.0.202411081344/tools/bin/../lib/gcc/arm-none-eabi/13.3.1/../../../../arm-none-eabi/lib/thumb/v6-m/nofp\libc_nano.a
LOAD C:/ST/STM32CubeIDE_1.18.0/STM32CubeIDE/plugins/com.st.stm32cube.ide.mcu.externaltools.gnu-tools-for-stm32.13.3.rel1.win32_1.0.0.202411081344/tools/bin/../lib/gcc/arm-none-eabi/13.3.1/../../../../arm-none-eabi/lib/thumb/v6-m/nofp\libnosys.a
END GROUP
START GROUP
LOAD C:/ST/STM32CubeIDE_1.18.0/STM32CubeIDE/plugins/com.st.stm32cube.ide.mcu.externaltools.gnu-tools-for-stm32.13.3.rel1.win32_1.0.0.202411081344/tools/bin/../lib/gcc/arm-none-eabi/13.3.1/thumb/v6-m/nofp\libgcc.a
LOAD C:/ST/STM32CubeIDE_1.18.0/STM32CubeIDE/plugins/com.st.stm32cube.ide.mcu.externaltools.gnu-tools-for-stm32.13.3.rel1.win32_1.0.0.202411081344/tools/bin/../lib/gcc/arm-none-eabi/13.3.1/../../../../arm-none-eabi/lib/thumb/v6-m/nofp\libc_nano.a
LOAD C:/ST/STM32CubeIDE_1.18.0/STM32CubeIDE/plugins/com.st.stm32cube.ide.mcu.externaltools.gnu-tools-for-stm32.13.3.rel1.win32_1.0.0.202411081344/tools/bin/../lib/gcc/arm-none-eabi/13.3.1/../../../../arm-none-eabi/lib/thumb/v6-m/nofp\libnosys.a
END GROUP
LOAD C:/ST/STM32CubeIDE_1.18.0/STM32CubeIDE/plugins/com.st.stm32cube.ide.mcu.externaltools.gnu-tools-for-stm32.13.3.rel1.win32_1.0.0.202411081344/tools/bin/../lib/gcc/arm-none-eabi/13.3.1/thumb/v6-m/nofp/crtend.o
LOAD C:/ST/STM32CubeIDE_1.18.0/STM32CubeIDE/plugins/com.st.stm32cube.ide.mcu.externaltools.gnu-tools-for-stm32.13.3.rel1.win32_1.0.0.202411081344/tools/bin/../lib/gcc/arm-none-eabi/13.3.1/thumb/v6-m/nofp/crtn.o
                0x20005000                        _estack = (ORIGIN (RAM) + LENGTH (RAM))
                0x00000400                        _Min_Heap_Size = 0x400
                0x00000800                        _Min_Stack_Size = 0x800

.isr_vector     0x08000000       0xc0
                0x08000000                        . = ALIGN (0x4)
 *(.isr_vector)
 .isr_vector    0x08000000       0xc0 ./Core/Startup/startup_stm32l082kbux.o
                0x08000000                g_pfnVectors
                0x080000c0                        . = ALIGN (0x4)

.text           0x080000c0     0xd79c
                0x080000c0                        . = ALIGN (0x4)
 *(.text)
 .text          0x080000c0       0x48 C:/ST/STM32CubeIDE_1.18.0/STM32CubeIDE/plugins/com.st.stm32cube.ide.mcu.externaltools.gnu-tools-for-stm32.13.3.rel1.win32_1.0.0.202411081344/tools/bin/../lib/gcc/arm-none-eabi/13.3.1/thumb/v6-m/nofp/crtbegin.o
 .text          0x08000108       0x14 C:/ST/STM32CubeIDE_1.18.0/STM32CubeIDE/plugins/com.st.stm32cube.ide.mcu.externaltools.gnu-tools-for-stm32.13.3.rel1.win32_1.0.0.202411081344/tools/bin/../lib/gcc/arm-none-eabi/13.3.1/../../../../arm-none-eabi/lib/thumb/v6-m/nofp\libc_nano.a(libc_a-strcmp.o)
                0x08000108                strcmp
 .text          0x0800011c        0xe C:/ST/STM32CubeIDE_1.18.0/STM32CubeIDE/plugins/com.st.stm32cube.ide.mcu.externaltools.gnu-tools-for-stm32.13.3.rel1.win32_1.0.0.202411081344/tools/bin/../lib/gcc/arm-none-eabi/13.3.1/../../../../arm-none-eabi/lib/thumb/v6-m/nofp\libc_nano.a(libc_a-strlen.o)
                0x0800011c                strlen
 *fill*         0x0800012a        0x2 
 .text          0x0800012c       0x14 C:/ST/STM32CubeIDE_1.18.0/STM32CubeIDE/plugins/com.st.stm32cube.ide.mcu.externaltools.gnu-tools-for-stm32.13.3.rel1.win32_1.0.0.202411081344/tools/bin/../lib/gcc/arm-none-eabi/13.3.1/thumb/v6-m/nofp\libgcc.a(_thumb1_case_shi.o)
                0x0800012c                __gnu_thumb1_case_shi
 .text          0x08000140      0x114 C:/ST/STM32CubeIDE_1.18.0/STM32CubeIDE/plugins/com.st.stm32cube.ide.mcu.externaltools.gnu-tools-for-stm32.13.3.rel1.win32_1.0.0.202411081344/tools/bin/../lib/gcc/arm-none-eabi/13.3.1/thumb/v6-m/nofp\libgcc.a(_udivsi3.o)
                0x08000140                __aeabi_uidiv
                0x08000140                __udivsi3
                0x0800024c                __aeabi_uidivmod
 .text          0x08000254      0x1d4 C:/ST/STM32CubeIDE_1.18.0/STM32CubeIDE/plugins/com.st.stm32cube.ide.mcu.externaltools.gnu-tools-for-stm32.13.3.rel1.win32_1.0.0.202411081344/tools/bin/../lib/gcc/arm-none-eabi/13.3.1/thumb/v6-m/nofp\libgcc.a(_divsi3.o)
                0x08000254                __divsi3
                0x08000254                __aeabi_idiv
                0x08000420                __aeabi_idivmod
 .text          0x08000428        0x4 C:/ST/STM32CubeIDE_1.18.0/STM32CubeIDE/plugins/com.st.stm32cube.ide.mcu.externaltools.gnu-tools-for-stm32.13.3.rel1.win32_1.0.0.202411081344/tools/bin/../lib/gcc/arm-none-eabi/13.3.1/thumb/v6-m/nofp\libgcc.a(_dvmd_tls.o)
                0x08000428                __aeabi_idiv0
                0x08000428                __aeabi_ldiv0
 .text          0x0800042c       0x48 C:/ST/STM32CubeIDE_1.18.0/STM32CubeIDE/plugins/com.st.stm32cube.ide.mcu.externaltools.gnu-tools-for-stm32.13.3.rel1.win32_1.0.0.202411081344/tools/bin/../lib/gcc/arm-none-eabi/13.3.1/thumb/v6-m/nofp\libgcc.a(_aeabi_ldivmod.o)
                0x0800042c                __aeabi_ldivmod
 .text          0x08000474       0x40 C:/ST/STM32CubeIDE_1.18.0/STM32CubeIDE/plugins/com.st.stm32cube.ide.mcu.externaltools.gnu-tools-for-stm32.13.3.rel1.win32_1.0.0.202411081344/tools/bin/../lib/gcc/arm-none-eabi/13.3.1/thumb/v6-m/nofp\libgcc.a(_aeabi_uldivmod.o)
                0x08000474                __aeabi_uldivmod
 .text          0x080004b4       0x5c C:/ST/STM32CubeIDE_1.18.0/STM32CubeIDE/plugins/com.st.stm32cube.ide.mcu.externaltools.gnu-tools-for-stm32.13.3.rel1.win32_1.0.0.202411081344/tools/bin/../lib/gcc/arm-none-eabi/13.3.1/thumb/v6-m/nofp\libgcc.a(_muldi3.o)
                0x080004b4                __muldi3
                0x080004b4                __aeabi_lmul
 .text          0x08000510       0x30 C:/ST/STM32CubeIDE_1.18.0/STM32CubeIDE/plugins/com.st.stm32cube.ide.mcu.externaltools.gnu-tools-for-stm32.13.3.rel1.win32_1.0.0.202411081344/tools/bin/../lib/gcc/arm-none-eabi/13.3.1/thumb/v6-m/nofp\libgcc.a(_fixunssfsi.o)
                0x08000510                __fixunssfsi
                0x08000510                __aeabi_f2uiz
 .text          0x08000540      0x198 C:/ST/STM32CubeIDE_1.18.0/STM32CubeIDE/plugins/com.st.stm32cube.ide.mcu.externaltools.gnu-tools-for-stm32.13.3.rel1.win32_1.0.0.202411081344/tools/bin/../lib/gcc/arm-none-eabi/13.3.1/thumb/v6-m/nofp\libgcc.a(_udivmoddi4.o)
                0x08000540                __udivmoddi4
 .text          0x080006d8       0x3c C:/ST/STM32CubeIDE_1.18.0/STM32CubeIDE/plugins/com.st.stm32cube.ide.mcu.externaltools.gnu-tools-for-stm32.13.3.rel1.win32_1.0.0.202411081344/tools/bin/../lib/gcc/arm-none-eabi/13.3.1/thumb/v6-m/nofp\libgcc.a(bpabi.o)
                0x080006d8                __gnu_ldivmod_helper
 .text          0x08000714      0x22c C:/ST/STM32CubeIDE_1.18.0/STM32CubeIDE/plugins/com.st.stm32cube.ide.mcu.externaltools.gnu-tools-for-stm32.13.3.rel1.win32_1.0.0.202411081344/tools/bin/../lib/gcc/arm-none-eabi/13.3.1/thumb/v6-m/nofp\libgcc.a(divsf3.o)
                0x08000714                __aeabi_fdiv
 .text          0x08000940      0x2b4 C:/ST/STM32CubeIDE_1.18.0/STM32CubeIDE/plugins/com.st.stm32cube.ide.mcu.externaltools.gnu-tools-for-stm32.13.3.rel1.win32_1.0.0.202411081344/tools/bin/../lib/gcc/arm-none-eabi/13.3.1/thumb/v6-m/nofp\libgcc.a(mulsf3.o)
                0x08000940                __aeabi_fmul
 .text          0x08000bf4      0x4c8 C:/ST/STM32CubeIDE_1.18.0/STM32CubeIDE/plugins/com.st.stm32cube.ide.mcu.externaltools.gnu-tools-for-stm32.13.3.rel1.win32_1.0.0.202411081344/tools/bin/../lib/gcc/arm-none-eabi/13.3.1/thumb/v6-m/nofp\libgcc.a(subsf3.o)
                0x08000bf4                __aeabi_fsub
 .text          0x080010bc       0x40 C:/ST/STM32CubeIDE_1.18.0/STM32CubeIDE/plugins/com.st.stm32cube.ide.mcu.externaltools.gnu-tools-for-stm32.13.3.rel1.win32_1.0.0.202411081344/tools/bin/../lib/gcc/arm-none-eabi/13.3.1/thumb/v6-m/nofp\libgcc.a(fixsfsi.o)
                0x080010bc                __aeabi_f2iz
 .text          0x080010fc       0x8c C:/ST/STM32CubeIDE_1.18.0/STM32CubeIDE/plugins/com.st.stm32cube.ide.mcu.externaltools.gnu-tools-for-stm32.13.3.rel1.win32_1.0.0.202411081344/tools/bin/../lib/gcc/arm-none-eabi/13.3.1/thumb/v6-m/nofp\libgcc.a(floatunsisf.o)
                0x080010fc                __aeabi_ui2f
 .text          0x08001188       0x74 C:/ST/STM32CubeIDE_1.18.0/STM32CubeIDE/plugins/com.st.stm32cube.ide.mcu.externaltools.gnu-tools-for-stm32.13.3.rel1.win32_1.0.0.202411081344/tools/bin/../lib/gcc/arm-none-eabi/13.3.1/thumb/v6-m/nofp\libgcc.a(_arm_cmpsf2.o)
                0x08001188                __aeabi_cfrcmple
                0x08001190                __aeabi_cfcmpeq
                0x08001190                __aeabi_cfcmple
                0x080011a0                __aeabi_fcmpeq
                0x080011ac                __aeabi_fcmplt
                0x080011c0                __aeabi_fcmple
                0x080011d4                __aeabi_fcmpgt
                0x080011e8                __aeabi_fcmpge
 .text          0x080011fc       0x3c C:/ST/STM32CubeIDE_1.18.0/STM32CubeIDE/plugins/com.st.stm32cube.ide.mcu.externaltools.gnu-tools-for-stm32.13.3.rel1.win32_1.0.0.202411081344/tools/bin/../lib/gcc/arm-none-eabi/13.3.1/thumb/v6-m/nofp\libgcc.a(_clzsi2.o)
                0x080011fc                __clzsi2
 .text          0x08001238       0x18 C:/ST/STM32CubeIDE_1.18.0/STM32CubeIDE/plugins/com.st.stm32cube.ide.mcu.externaltools.gnu-tools-for-stm32.13.3.rel1.win32_1.0.0.202411081344/tools/bin/../lib/gcc/arm-none-eabi/13.3.1/thumb/v6-m/nofp\libgcc.a(_clzdi2.o)
                0x08001238                __clzdi2
 .text          0x08001250      0x1d8 C:/ST/STM32CubeIDE_1.18.0/STM32CubeIDE/plugins/com.st.stm32cube.ide.mcu.externaltools.gnu-tools-for-stm32.13.3.rel1.win32_1.0.0.202411081344/tools/bin/../lib/gcc/arm-none-eabi/13.3.1/thumb/v6-m/nofp\libgcc.a(_divdi3.o)
                0x08001250                __divdi3
 .text          0x08001428       0x50 C:/ST/STM32CubeIDE_1.18.0/STM32CubeIDE/plugins/com.st.stm32cube.ide.mcu.externaltools.gnu-tools-for-stm32.13.3.rel1.win32_1.0.0.202411081344/tools/bin/../lib/gcc/arm-none-eabi/13.3.1/thumb/v6-m/nofp\libgcc.a(eqsf2.o)
                0x08001428                __eqsf2
                0x08001428                __nesf2
 .text          0x08001478       0x90 C:/ST/STM32CubeIDE_1.18.0/STM32CubeIDE/plugins/com.st.stm32cube.ide.mcu.externaltools.gnu-tools-for-stm32.13.3.rel1.win32_1.0.0.202411081344/tools/bin/../lib/gcc/arm-none-eabi/13.3.1/thumb/v6-m/nofp\libgcc.a(gesf2.o)
                0x08001478                __gesf2
                0x08001478                __gtsf2
 .text          0x08001508       0x90 C:/ST/STM32CubeIDE_1.18.0/STM32CubeIDE/plugins/com.st.stm32cube.ide.mcu.externaltools.gnu-tools-for-stm32.13.3.rel1.win32_1.0.0.202411081344/tools/bin/../lib/gcc/arm-none-eabi/13.3.1/thumb/v6-m/nofp\libgcc.a(lesf2.o)
                0x08001508                __ltsf2
                0x08001508                __lesf2
 *(.text*)
 .text.Init_RFIO
                0x08001598       0xd8 ./Core/App/Src/rfio_driver.o
                0x08001598                Init_RFIO
 .text.Init_RFIO_GPIO_Bus
                0x08001670       0x84 ./Core/App/Src/rfio_driver.o
                0x08001670                Init_RFIO_GPIO_Bus
 .text.Send_Latch_States
                0x080016f4       0x48 ./Core/App/Src/rfio_driver.o
                0x080016f4                Send_Latch_States
 .text.rfio_RX_Complete
                0x0800173c       0xa8 ./Core/App/Src/rfio_driver.o
                0x0800173c                rfio_RX_Complete
 .text.Module_Bus_Rx_Callback
                0x080017e4       0x1e ./Core/App/Src/rfio_driver.o
                0x080017e4                Module_Bus_Rx_Callback
 .text.rfio_src_wrapper
                0x08001802       0x22 ./Core/App/Src/rfio_driver.o
                0x08001802                rfio_src_wrapper
 .text.Prep_Queue
                0x08001824       0x22 ./Core/Middlewares/Queue/Queue.o
                0x08001824                Prep_Queue
 *fill*         0x08001846        0x2 
 .text.Enqueue  0x08001848       0x70 ./Core/Middlewares/Queue/Queue.o
                0x08001848                Enqueue
 .text.Dequeue  0x080018b8       0x68 ./Core/Middlewares/Queue/Queue.o
                0x080018b8                Dequeue
 .text.Queue_Peek
                0x08001920       0x44 ./Core/Middlewares/Queue/Queue.o
                0x08001920                Queue_Peek
 .text.Start_Scheduler
                0x08001964       0x70 ./Core/Middlewares/Scheduler/Scheduler.o
                0x08001964                Start_Scheduler
 .text.Scheduler_Tasks
                0x080019d4       0x7c ./Core/Middlewares/Scheduler/Scheduler.o
 .text.Run_Scheduler_Tasks
                0x08001a50       0x94 ./Core/Middlewares/Scheduler/Scheduler.o
                0x08001a50                Run_Scheduler_Tasks
 .text.Start_Task
                0x08001ae4       0xc4 ./Core/Middlewares/Scheduler/Scheduler.o
                0x08001ae4                Start_Task
 .text.Modify_Task_Timeout
                0x08001ba8       0x58 ./Core/Middlewares/Scheduler/Scheduler.o
                0x08001ba8                Modify_Task_Timeout
 .text.Set_Task_Name
                0x08001c00       0x5c ./Core/Middlewares/Scheduler/Scheduler.o
                0x08001c00                Set_Task_Name
 .text.Task_Add_Heap_Size
                0x08001c5c       0x60 ./Core/Middlewares/Scheduler/Scheduler.o
                0x08001c5c                Task_Add_Heap_Size
 .text.main     0x08001cbc       0x60 ./Core/Src/main.o
                0x08001cbc                main
 .text.SystemClock_Config
                0x08001d1c       0xf8 ./Core/Src/main.o
                0x08001d1c                SystemClock_Config
 .text.MX_CRC_Init
                0x08001e14       0x48 ./Core/Src/main.o
 .text.MX_I2C1_Init
                0x08001e5c       0x84 ./Core/Src/main.o
 .text.MX_IWDG_Init
                0x08001ee0       0x40 ./Core/Src/main.o
 .text.MX_TIM2_Init
                0x08001f20       0xf8 ./Core/Src/main.o
 .text.MX_TIM21_Init
                0x08002018       0xf8 ./Core/Src/main.o
 .text.MX_USART1_UART_Init
                0x08002110       0x60 ./Core/Src/main.o
 .text.MX_USART2_UART_Init
                0x08002170       0x60 ./Core/Src/main.o
 .text.MX_USART4_UART_Init
                0x080021d0       0x60 ./Core/Src/main.o
 .text.MX_DMA_Init
                0x08002230       0x3c ./Core/Src/main.o
 .text.MX_GPIO_Init
                0x0800226c      0x15c ./Core/Src/main.o
 .text.Error_Handler
                0x080023c8        0xc ./Core/Src/main.o
                0x080023c8                Error_Handler
 .text.HAL_MspInit
                0x080023d4       0x28 ./Core/Src/stm32l0xx_hal_msp.o
                0x080023d4                HAL_MspInit
 .text.HAL_CRC_MspInit
                0x080023fc       0x40 ./Core/Src/stm32l0xx_hal_msp.o
                0x080023fc                HAL_CRC_MspInit
 .text.HAL_I2C_MspInit
                0x0800243c       0x98 ./Core/Src/stm32l0xx_hal_msp.o
                0x0800243c                HAL_I2C_MspInit
 .text.HAL_TIM_Base_MspInit
                0x080024d4       0x68 ./Core/Src/stm32l0xx_hal_msp.o
                0x080024d4                HAL_TIM_Base_MspInit
 .text.HAL_UART_MspInit
                0x0800253c      0x238 ./Core/Src/stm32l0xx_hal_msp.o
                0x0800253c                HAL_UART_MspInit
 .text.NMI_Handler
                0x08002774        0x8 ./Core/Src/stm32l0xx_it.o
                0x08002774                NMI_Handler
 .text.HardFault_Handler
                0x0800277c        0x8 ./Core/Src/stm32l0xx_it.o
                0x0800277c                HardFault_Handler
 .text.SVC_Handler
                0x08002784        0xa ./Core/Src/stm32l0xx_it.o
                0x08002784                SVC_Handler
 .text.PendSV_Handler
                0x0800278e        0xa ./Core/Src/stm32l0xx_it.o
                0x0800278e                PendSV_Handler
 .text.SysTick_Handler
                0x08002798        0xe ./Core/Src/stm32l0xx_it.o
                0x08002798                SysTick_Handler
 .text.EXTI4_15_IRQHandler
                0x080027a6       0x10 ./Core/Src/stm32l0xx_it.o
                0x080027a6                EXTI4_15_IRQHandler
 *fill*         0x080027b6        0x2 
 .text.DMA1_Channel2_3_IRQHandler
                0x080027b8       0x24 ./Core/Src/stm32l0xx_it.o
                0x080027b8                DMA1_Channel2_3_IRQHandler
 .text.USART4_5_IRQHandler
                0x080027dc       0x18 ./Core/Src/stm32l0xx_it.o
                0x080027dc                USART4_5_IRQHandler
 .text.TIM2_IRQHandler
                0x080027f4       0x18 ./Core/Src/stm32l0xx_it.o
                0x080027f4                TIM2_IRQHandler
 .text.TIM21_IRQHandler
                0x0800280c       0x18 ./Core/Src/stm32l0xx_it.o
                0x0800280c                TIM21_IRQHandler
 .text.I2C1_IRQHandler
                0x08002824       0x30 ./Core/Src/stm32l0xx_it.o
                0x08002824                I2C1_IRQHandler
 .text.USART1_IRQHandler
                0x08002854       0x18 ./Core/Src/stm32l0xx_it.o
                0x08002854                USART1_IRQHandler
 .text.USART2_IRQHandler
                0x0800286c       0x18 ./Core/Src/stm32l0xx_it.o
                0x0800286c                USART2_IRQHandler
 .text._read    0x08002884       0x3a ./Core/Src/syscalls.o
                0x08002884                _read
 .text._write   0x080028be       0x38 ./Core/Src/syscalls.o
                0x080028be                _write
 .text._close   0x080028f6       0x14 ./Core/Src/syscalls.o
                0x080028f6                _close
 .text._fstat   0x0800290a       0x1c ./Core/Src/syscalls.o
                0x0800290a                _fstat
 .text._isatty  0x08002926       0x12 ./Core/Src/syscalls.o
                0x08002926                _isatty
 .text._lseek   0x08002938       0x16 ./Core/Src/syscalls.o
                0x08002938                _lseek
 *fill*         0x0800294e        0x2 
 .text._sbrk    0x08002950       0x6c ./Core/Src/sysmem.o
                0x08002950                _sbrk
 .text.SystemInit
                0x080029bc        0xa ./Core/Src/system_stm32l0xx.o
                0x080029bc                SystemInit
 *fill*         0x080029c6        0x2 
 .text.Reset_Handler
                0x080029c8       0x50 ./Core/Startup/startup_stm32l082kbux.o
                0x080029c8                Reset_Handler
 .text.Default_Handler
                0x08002a18        0x2 ./Core/Startup/startup_stm32l082kbux.o
                0x08002a18                TSC_IRQHandler
                0x08002a18                ADC1_COMP_IRQHandler
                0x08002a18                PVD_IRQHandler
                0x08002a18                RCC_CRS_IRQHandler
                0x08002a18                SPI1_IRQHandler
                0x08002a18                TIM6_DAC_IRQHandler
                0x08002a18                EXTI2_3_IRQHandler
                0x08002a18                I2C2_IRQHandler
                0x08002a18                RTC_IRQHandler
                0x08002a18                DMA1_Channel4_5_6_7_IRQHandler
                0x08002a18                TIM3_IRQHandler
                0x08002a18                DMA1_Channel1_IRQHandler
                0x08002a18                Default_Handler
                0x08002a18                TIM22_IRQHandler
                0x08002a18                TIM7_IRQHandler
                0x08002a18                EXTI0_1_IRQHandler
                0x08002a18                USB_IRQHandler
                0x08002a18                I2C3_IRQHandler
                0x08002a18                SPI2_IRQHandler
                0x08002a18                WWDG_IRQHandler
                0x08002a18                FLASH_IRQHandler
                0x08002a18                AES_RNG_LPUART1_IRQHandler
                0x08002a18                LPTIM1_IRQHandler
 .text.Init_GPIO
                0x08002a1a       0x2c ./Drivers/GPIO/GPIO.o
                0x08002a1a                Init_GPIO
 .text.Read_GPIO_State
                0x08002a46       0x36 ./Drivers/GPIO/GPIO.o
                0x08002a46                Read_GPIO_State
 .text.Set_GPIO_State_High
                0x08002a7c       0x2e ./Drivers/GPIO/GPIO.o
                0x08002a7c                Set_GPIO_State_High
 .text.Set_GPIO_State_Low
                0x08002aaa       0x2e ./Drivers/GPIO/GPIO.o
                0x08002aaa                Set_GPIO_State_Low
 .text.HAL_Init
                0x08002ad8       0x40 ./Drivers/STM32L0xx_HAL_Driver/Src/stm32l0xx_hal.o
                0x08002ad8                HAL_Init
 .text.HAL_InitTick
                0x08002b18       0x68 ./Drivers/STM32L0xx_HAL_Driver/Src/stm32l0xx_hal.o
                0x08002b18                HAL_InitTick
 .text.HAL_IncTick
                0x08002b80       0x24 ./Drivers/STM32L0xx_HAL_Driver/Src/stm32l0xx_hal.o
                0x08002b80                HAL_IncTick
 .text.HAL_GetTick
                0x08002ba4       0x14 ./Drivers/STM32L0xx_HAL_Driver/Src/stm32l0xx_hal.o
                0x08002ba4                HAL_GetTick
 .text.HAL_Delay
                0x08002bb8       0x48 ./Drivers/STM32L0xx_HAL_Driver/Src/stm32l0xx_hal.o
                0x08002bb8                HAL_Delay
 .text.__NVIC_EnableIRQ
                0x08002c00       0x34 ./Drivers/STM32L0xx_HAL_Driver/Src/stm32l0xx_hal_cortex.o
 .text.__NVIC_SetPriority
                0x08002c34       0xdc ./Drivers/STM32L0xx_HAL_Driver/Src/stm32l0xx_hal_cortex.o
 .text.SysTick_Config
                0x08002d10       0x48 ./Drivers/STM32L0xx_HAL_Driver/Src/stm32l0xx_hal_cortex.o
 .text.HAL_NVIC_SetPriority
                0x08002d58       0x2a ./Drivers/STM32L0xx_HAL_Driver/Src/stm32l0xx_hal_cortex.o
                0x08002d58                HAL_NVIC_SetPriority
 .text.HAL_NVIC_EnableIRQ
                0x08002d82       0x20 ./Drivers/STM32L0xx_HAL_Driver/Src/stm32l0xx_hal_cortex.o
                0x08002d82                HAL_NVIC_EnableIRQ
 .text.HAL_SYSTICK_Config
                0x08002da2       0x1a ./Drivers/STM32L0xx_HAL_Driver/Src/stm32l0xx_hal_cortex.o
                0x08002da2                HAL_SYSTICK_Config
 .text.HAL_CRC_Init
                0x08002dbc       0xcc ./Drivers/STM32L0xx_HAL_Driver/Src/stm32l0xx_hal_crc.o
                0x08002dbc                HAL_CRC_Init
 .text.HAL_CRCEx_Polynomial_Set
                0x08002e88       0xea ./Drivers/STM32L0xx_HAL_Driver/Src/stm32l0xx_hal_crc_ex.o
                0x08002e88                HAL_CRCEx_Polynomial_Set
 *fill*         0x08002f72        0x2 
 .text.HAL_DMA_Init
                0x08002f74       0xf0 ./Drivers/STM32L0xx_HAL_Driver/Src/stm32l0xx_hal_dma.o
                0x08002f74                HAL_DMA_Init
 .text.HAL_DMA_Start_IT
                0x08003064       0xcc ./Drivers/STM32L0xx_HAL_Driver/Src/stm32l0xx_hal_dma.o
                0x08003064                HAL_DMA_Start_IT
 .text.HAL_DMA_Abort
                0x08003130       0x80 ./Drivers/STM32L0xx_HAL_Driver/Src/stm32l0xx_hal_dma.o
                0x08003130                HAL_DMA_Abort
 .text.HAL_DMA_Abort_IT
                0x080031b0       0x8e ./Drivers/STM32L0xx_HAL_Driver/Src/stm32l0xx_hal_dma.o
                0x080031b0                HAL_DMA_Abort_IT
 .text.HAL_DMA_IRQHandler
                0x0800323e      0x15c ./Drivers/STM32L0xx_HAL_Driver/Src/stm32l0xx_hal_dma.o
                0x0800323e                HAL_DMA_IRQHandler
 .text.HAL_DMA_GetState
                0x0800339a       0x18 ./Drivers/STM32L0xx_HAL_Driver/Src/stm32l0xx_hal_dma.o
                0x0800339a                HAL_DMA_GetState
 .text.HAL_DMA_GetError
                0x080033b2       0x14 ./Drivers/STM32L0xx_HAL_Driver/Src/stm32l0xx_hal_dma.o
                0x080033b2                HAL_DMA_GetError
 .text.DMA_SetConfig
                0x080033c6       0x5c ./Drivers/STM32L0xx_HAL_Driver/Src/stm32l0xx_hal_dma.o
 *fill*         0x08003422        0x2 
 .text.HAL_FLASH_Unlock
                0x08003424       0xa8 ./Drivers/STM32L0xx_HAL_Driver/Src/stm32l0xx_hal_flash.o
                0x08003424                HAL_FLASH_Unlock
 .text.HAL_FLASH_Lock
                0x080034cc       0x28 ./Drivers/STM32L0xx_HAL_Driver/Src/stm32l0xx_hal_flash.o
                0x080034cc                HAL_FLASH_Lock
 .text.FLASH_WaitForLastOperation
                0x080034f4       0xe4 ./Drivers/STM32L0xx_HAL_Driver/Src/stm32l0xx_hal_flash.o
                0x080034f4                FLASH_WaitForLastOperation
 .text.FLASH_SetErrorCode
                0x080035d8      0x138 ./Drivers/STM32L0xx_HAL_Driver/Src/stm32l0xx_hal_flash.o
 .text.HAL_FLASHEx_DATAEEPROM_Unlock
                0x08003710       0x5c ./Drivers/STM32L0xx_HAL_Driver/Src/stm32l0xx_hal_flash_ex.o
                0x08003710                HAL_FLASHEx_DATAEEPROM_Unlock
 .text.HAL_FLASHEx_DATAEEPROM_Lock
                0x0800376c       0x1c ./Drivers/STM32L0xx_HAL_Driver/Src/stm32l0xx_hal_flash_ex.o
                0x0800376c                HAL_FLASHEx_DATAEEPROM_Lock
 .text.HAL_FLASHEx_DATAEEPROM_Program
                0x08003788       0xa8 ./Drivers/STM32L0xx_HAL_Driver/Src/stm32l0xx_hal_flash_ex.o
                0x08003788                HAL_FLASHEx_DATAEEPROM_Program
 .text.HAL_GPIO_Init
                0x08003830      0x2fc ./Drivers/STM32L0xx_HAL_Driver/Src/stm32l0xx_hal_gpio.o
                0x08003830                HAL_GPIO_Init
 .text.HAL_GPIO_ReadPin
                0x08003b2c       0x3a ./Drivers/STM32L0xx_HAL_Driver/Src/stm32l0xx_hal_gpio.o
                0x08003b2c                HAL_GPIO_ReadPin
 .text.HAL_GPIO_WritePin
                0x08003b66       0x3a ./Drivers/STM32L0xx_HAL_Driver/Src/stm32l0xx_hal_gpio.o
                0x08003b66                HAL_GPIO_WritePin
 .text.HAL_GPIO_EXTI_IRQHandler
                0x08003ba0       0x38 ./Drivers/STM32L0xx_HAL_Driver/Src/stm32l0xx_hal_gpio.o
                0x08003ba0                HAL_GPIO_EXTI_IRQHandler
 .text.HAL_GPIO_EXTI_Callback
                0x08003bd8       0x14 ./Drivers/STM32L0xx_HAL_Driver/Src/stm32l0xx_hal_gpio.o
                0x08003bd8                HAL_GPIO_EXTI_Callback
 .text.HAL_I2C_Init
                0x08003bec      0x14c ./Drivers/STM32L0xx_HAL_Driver/Src/stm32l0xx_hal_i2c.o
                0x08003bec                HAL_I2C_Init
 .text.HAL_I2C_EV_IRQHandler
                0x08003d38       0x34 ./Drivers/STM32L0xx_HAL_Driver/Src/stm32l0xx_hal_i2c.o
                0x08003d38                HAL_I2C_EV_IRQHandler
 .text.HAL_I2C_ER_IRQHandler
                0x08003d6c       0xc4 ./Drivers/STM32L0xx_HAL_Driver/Src/stm32l0xx_hal_i2c.o
                0x08003d6c                HAL_I2C_ER_IRQHandler
 .text.HAL_I2C_SlaveTxCpltCallback
                0x08003e30       0x10 ./Drivers/STM32L0xx_HAL_Driver/Src/stm32l0xx_hal_i2c.o
                0x08003e30                HAL_I2C_SlaveTxCpltCallback
 .text.HAL_I2C_SlaveRxCpltCallback
                0x08003e40       0x10 ./Drivers/STM32L0xx_HAL_Driver/Src/stm32l0xx_hal_i2c.o
                0x08003e40                HAL_I2C_SlaveRxCpltCallback
 .text.HAL_I2C_AddrCallback
                0x08003e50       0x20 ./Drivers/STM32L0xx_HAL_Driver/Src/stm32l0xx_hal_i2c.o
                0x08003e50                HAL_I2C_AddrCallback
 .text.HAL_I2C_ListenCpltCallback
                0x08003e70       0x10 ./Drivers/STM32L0xx_HAL_Driver/Src/stm32l0xx_hal_i2c.o
                0x08003e70                HAL_I2C_ListenCpltCallback
 .text.HAL_I2C_ErrorCallback
                0x08003e80       0x10 ./Drivers/STM32L0xx_HAL_Driver/Src/stm32l0xx_hal_i2c.o
                0x08003e80                HAL_I2C_ErrorCallback
 .text.HAL_I2C_AbortCpltCallback
                0x08003e90       0x10 ./Drivers/STM32L0xx_HAL_Driver/Src/stm32l0xx_hal_i2c.o
                0x08003e90                HAL_I2C_AbortCpltCallback
 .text.I2C_Slave_ISR_IT
                0x08003ea0      0x228 ./Drivers/STM32L0xx_HAL_Driver/Src/stm32l0xx_hal_i2c.o
 .text.I2C_ITAddrCplt
                0x080040c8      0x148 ./Drivers/STM32L0xx_HAL_Driver/Src/stm32l0xx_hal_i2c.o
 .text.I2C_ITSlaveSeqCplt
                0x08004210       0xcc ./Drivers/STM32L0xx_HAL_Driver/Src/stm32l0xx_hal_i2c.o
 .text.I2C_ITSlaveCplt
                0x080042dc      0x320 ./Drivers/STM32L0xx_HAL_Driver/Src/stm32l0xx_hal_i2c.o
 .text.I2C_ITListenCplt
                0x080045fc       0xb4 ./Drivers/STM32L0xx_HAL_Driver/Src/stm32l0xx_hal_i2c.o
 .text.I2C_ITError
                0x080046b0      0x204 ./Drivers/STM32L0xx_HAL_Driver/Src/stm32l0xx_hal_i2c.o
 .text.I2C_TreatErrorCallback
                0x080048b4       0x52 ./Drivers/STM32L0xx_HAL_Driver/Src/stm32l0xx_hal_i2c.o
 .text.I2C_Flush_TXDR
                0x08004906       0x44 ./Drivers/STM32L0xx_HAL_Driver/Src/stm32l0xx_hal_i2c.o
 .text.I2C_DMAAbort
                0x0800494a       0x3e ./Drivers/STM32L0xx_HAL_Driver/Src/stm32l0xx_hal_i2c.o
 .text.I2C_Disable_IRQ
                0x08004988       0xc6 ./Drivers/STM32L0xx_HAL_Driver/Src/stm32l0xx_hal_i2c.o
 *fill*         0x08004a4e        0x2 
 .text.HAL_I2CEx_ConfigAnalogFilter
                0x08004a50       0x98 ./Drivers/STM32L0xx_HAL_Driver/Src/stm32l0xx_hal_i2c_ex.o
                0x08004a50                HAL_I2CEx_ConfigAnalogFilter
 .text.HAL_I2CEx_ConfigDigitalFilter
                0x08004ae8       0x98 ./Drivers/STM32L0xx_HAL_Driver/Src/stm32l0xx_hal_i2c_ex.o
                0x08004ae8                HAL_I2CEx_ConfigDigitalFilter
 .text.HAL_IWDG_Init
                0x08004b80       0xa4 ./Drivers/STM32L0xx_HAL_Driver/Src/stm32l0xx_hal_iwdg.o
                0x08004b80                HAL_IWDG_Init
 .text.HAL_RCC_OscConfig
                0x08004c24      0x7a8 ./Drivers/STM32L0xx_HAL_Driver/Src/stm32l0xx_hal_rcc.o
                0x08004c24                HAL_RCC_OscConfig
 .text.HAL_RCC_ClockConfig
                0x080053cc      0x290 ./Drivers/STM32L0xx_HAL_Driver/Src/stm32l0xx_hal_rcc.o
                0x080053cc                HAL_RCC_ClockConfig
 .text.HAL_RCC_GetSysClockFreq
                0x0800565c      0x10c ./Drivers/STM32L0xx_HAL_Driver/Src/stm32l0xx_hal_rcc.o
                0x0800565c                HAL_RCC_GetSysClockFreq
 .text.HAL_RCC_GetHCLKFreq
                0x08005768       0x14 ./Drivers/STM32L0xx_HAL_Driver/Src/stm32l0xx_hal_rcc.o
                0x08005768                HAL_RCC_GetHCLKFreq
 .text.HAL_RCC_GetPCLK1Freq
                0x0800577c       0x2c ./Drivers/STM32L0xx_HAL_Driver/Src/stm32l0xx_hal_rcc.o
                0x0800577c                HAL_RCC_GetPCLK1Freq
 .text.HAL_RCC_GetPCLK2Freq
                0x080057a8       0x2c ./Drivers/STM32L0xx_HAL_Driver/Src/stm32l0xx_hal_rcc.o
                0x080057a8                HAL_RCC_GetPCLK2Freq
 .text.HAL_RCCEx_PeriphCLKConfig
                0x080057d4      0x2b8 ./Drivers/STM32L0xx_HAL_Driver/Src/stm32l0xx_hal_rcc_ex.o
                0x080057d4                HAL_RCCEx_PeriphCLKConfig
 .text.HAL_TIM_Base_Init
                0x08005a8c       0x80 ./Drivers/STM32L0xx_HAL_Driver/Src/stm32l0xx_hal_tim.o
                0x08005a8c                HAL_TIM_Base_Init
 .text.HAL_TIM_Base_Start_IT
                0x08005b0c       0xa4 ./Drivers/STM32L0xx_HAL_Driver/Src/stm32l0xx_hal_tim.o
                0x08005b0c                HAL_TIM_Base_Start_IT
 .text.HAL_TIM_OC_Init
                0x08005bb0       0x80 ./Drivers/STM32L0xx_HAL_Driver/Src/stm32l0xx_hal_tim.o
                0x08005bb0                HAL_TIM_OC_Init
 .text.HAL_TIM_OC_MspInit
                0x08005c30       0x10 ./Drivers/STM32L0xx_HAL_Driver/Src/stm32l0xx_hal_tim.o
                0x08005c30                HAL_TIM_OC_MspInit
 .text.HAL_TIM_IRQHandler
                0x08005c40      0x198 ./Drivers/STM32L0xx_HAL_Driver/Src/stm32l0xx_hal_tim.o
                0x08005c40                HAL_TIM_IRQHandler
 .text.HAL_TIM_OC_ConfigChannel
                0x08005dd8       0xb0 ./Drivers/STM32L0xx_HAL_Driver/Src/stm32l0xx_hal_tim.o
                0x08005dd8                HAL_TIM_OC_ConfigChannel
 .text.HAL_TIM_ConfigClockSource
                0x08005e88      0x1a8 ./Drivers/STM32L0xx_HAL_Driver/Src/stm32l0xx_hal_tim.o
                0x08005e88                HAL_TIM_ConfigClockSource
 .text.HAL_TIM_PeriodElapsedCallback
                0x08006030       0x10 ./Drivers/STM32L0xx_HAL_Driver/Src/stm32l0xx_hal_tim.o
                0x08006030                HAL_TIM_PeriodElapsedCallback
 .text.HAL_TIM_OC_DelayElapsedCallback
                0x08006040       0x10 ./Drivers/STM32L0xx_HAL_Driver/Src/stm32l0xx_hal_tim.o
                0x08006040                HAL_TIM_OC_DelayElapsedCallback
 .text.HAL_TIM_IC_CaptureCallback
                0x08006050       0x10 ./Drivers/STM32L0xx_HAL_Driver/Src/stm32l0xx_hal_tim.o
                0x08006050                HAL_TIM_IC_CaptureCallback
 .text.HAL_TIM_PWM_PulseFinishedCallback
                0x08006060       0x10 ./Drivers/STM32L0xx_HAL_Driver/Src/stm32l0xx_hal_tim.o
                0x08006060                HAL_TIM_PWM_PulseFinishedCallback
 .text.HAL_TIM_TriggerCallback
                0x08006070       0x10 ./Drivers/STM32L0xx_HAL_Driver/Src/stm32l0xx_hal_tim.o
                0x08006070                HAL_TIM_TriggerCallback
 .text.TIM_Base_SetConfig
                0x08006080       0xc8 ./Drivers/STM32L0xx_HAL_Driver/Src/stm32l0xx_hal_tim.o
 .text.TIM_OC1_SetConfig
                0x08006148       0x78 ./Drivers/STM32L0xx_HAL_Driver/Src/stm32l0xx_hal_tim.o
 .text.TIM_OC2_SetConfig
                0x080061c0       0x84 ./Drivers/STM32L0xx_HAL_Driver/Src/stm32l0xx_hal_tim.o
 .text.TIM_OC3_SetConfig
                0x08006244       0x80 ./Drivers/STM32L0xx_HAL_Driver/Src/stm32l0xx_hal_tim.o
 .text.TIM_OC4_SetConfig
                0x080062c4       0x8c ./Drivers/STM32L0xx_HAL_Driver/Src/stm32l0xx_hal_tim.o
 .text.TIM_TI1_ConfigInputStage
                0x08006350       0x5c ./Drivers/STM32L0xx_HAL_Driver/Src/stm32l0xx_hal_tim.o
 .text.TIM_TI2_ConfigInputStage
                0x080063ac       0x64 ./Drivers/STM32L0xx_HAL_Driver/Src/stm32l0xx_hal_tim.o
 .text.TIM_ITRx_SetConfig
                0x08006410       0x32 ./Drivers/STM32L0xx_HAL_Driver/Src/stm32l0xx_hal_tim.o
 *fill*         0x08006442        0x2 
 .text.TIM_ETR_SetConfig
                0x08006444       0x40 ./Drivers/STM32L0xx_HAL_Driver/Src/stm32l0xx_hal_tim.o
 .text.HAL_TIMEx_MasterConfigSynchronization
                0x08006484       0xbc ./Drivers/STM32L0xx_HAL_Driver/Src/stm32l0xx_hal_tim_ex.o
                0x08006484                HAL_TIMEx_MasterConfigSynchronization
 .text.HAL_UART_Init
                0x08006540       0xa8 ./Drivers/STM32L0xx_HAL_Driver/Src/stm32l0xx_hal_uart.o
                0x08006540                HAL_UART_Init
 .text.HAL_HalfDuplex_Init
                0x080065e8       0xb8 ./Drivers/STM32L0xx_HAL_Driver/Src/stm32l0xx_hal_uart.o
                0x080065e8                HAL_HalfDuplex_Init
 .text.HAL_UART_Transmit
                0x080066a0      0x13e ./Drivers/STM32L0xx_HAL_Driver/Src/stm32l0xx_hal_uart.o
                0x080066a0                HAL_UART_Transmit
 *fill*         0x080067de        0x2 
 .text.HAL_UART_Transmit_DMA
                0x080067e0      0x120 ./Drivers/STM32L0xx_HAL_Driver/Src/stm32l0xx_hal_uart.o
                0x080067e0                HAL_UART_Transmit_DMA
 .text.HAL_UART_Receive_DMA
                0x08006900       0xbc ./Drivers/STM32L0xx_HAL_Driver/Src/stm32l0xx_hal_uart.o
                0x08006900                HAL_UART_Receive_DMA
 .text.HAL_UART_DMAStop
                0x080069bc      0x120 ./Drivers/STM32L0xx_HAL_Driver/Src/stm32l0xx_hal_uart.o
                0x080069bc                HAL_UART_DMAStop
 .text.HAL_UART_IRQHandler
                0x08006adc      0x600 ./Drivers/STM32L0xx_HAL_Driver/Src/stm32l0xx_hal_uart.o
                0x08006adc                HAL_UART_IRQHandler
 .text.HAL_UART_TxHalfCpltCallback
                0x080070dc       0x10 ./Drivers/STM32L0xx_HAL_Driver/Src/stm32l0xx_hal_uart.o
                0x080070dc                HAL_UART_TxHalfCpltCallback
 .text.HAL_UART_RxHalfCpltCallback
                0x080070ec       0x10 ./Drivers/STM32L0xx_HAL_Driver/Src/stm32l0xx_hal_uart.o
                0x080070ec                HAL_UART_RxHalfCpltCallback
 .text.HAL_UARTEx_RxEventCallback
                0x080070fc       0x16 ./Drivers/STM32L0xx_HAL_Driver/Src/stm32l0xx_hal_uart.o
                0x080070fc                HAL_UARTEx_RxEventCallback
 *fill*         0x08007112        0x2 
 .text.UART_SetConfig
                0x08007114      0x53c ./Drivers/STM32L0xx_HAL_Driver/Src/stm32l0xx_hal_uart.o
                0x08007114                UART_SetConfig
 .text.UART_AdvFeatureConfig
                0x08007650      0x168 ./Drivers/STM32L0xx_HAL_Driver/Src/stm32l0xx_hal_uart.o
                0x08007650                UART_AdvFeatureConfig
 .text.UART_CheckIdleState
                0x080077b8      0x150 ./Drivers/STM32L0xx_HAL_Driver/Src/stm32l0xx_hal_uart.o
                0x080077b8                UART_CheckIdleState
 .text.UART_WaitOnFlagUntilTimeout
                0x08007908       0xde ./Drivers/STM32L0xx_HAL_Driver/Src/stm32l0xx_hal_uart.o
                0x08007908                UART_WaitOnFlagUntilTimeout
 *fill*         0x080079e6        0x2 
 .text.UART_Start_Receive_DMA
                0x080079e8      0x140 ./Drivers/STM32L0xx_HAL_Driver/Src/stm32l0xx_hal_uart.o
                0x080079e8                UART_Start_Receive_DMA
 .text.UART_EndTxTransfer
                0x08007b28       0x48 ./Drivers/STM32L0xx_HAL_Driver/Src/stm32l0xx_hal_uart.o
 .text.UART_EndRxTransfer
                0x08007b70       0xc8 ./Drivers/STM32L0xx_HAL_Driver/Src/stm32l0xx_hal_uart.o
 .text.UART_DMATransmitCplt
                0x08007c38       0x98 ./Drivers/STM32L0xx_HAL_Driver/Src/stm32l0xx_hal_uart.o
 .text.UART_DMATxHalfCplt
                0x08007cd0       0x1e ./Drivers/STM32L0xx_HAL_Driver/Src/stm32l0xx_hal_uart.o
 *fill*         0x08007cee        0x2 
 .text.UART_DMAReceiveCplt
                0x08007cf0      0x168 ./Drivers/STM32L0xx_HAL_Driver/Src/stm32l0xx_hal_uart.o
 .text.UART_DMARxHalfCplt
                0x08007e58       0x7e ./Drivers/STM32L0xx_HAL_Driver/Src/stm32l0xx_hal_uart.o
 .text.UART_DMAError
                0x08007ed6       0x84 ./Drivers/STM32L0xx_HAL_Driver/Src/stm32l0xx_hal_uart.o
 .text.UART_DMAAbortOnError
                0x08007f5a       0x26 ./Drivers/STM32L0xx_HAL_Driver/Src/stm32l0xx_hal_uart.o
 .text.UART_EndTransmit_IT
                0x08007f80       0x56 ./Drivers/STM32L0xx_HAL_Driver/Src/stm32l0xx_hal_uart.o
 .text.HAL_UARTEx_WakeupCallback
                0x08007fd6       0x10 ./Drivers/STM32L0xx_HAL_Driver/Src/stm32l0xx_hal_uart_ex.o
                0x08007fd6                HAL_UARTEx_WakeupCallback
 *fill*         0x08007fe6        0x2 
 .text.Init_DMA_UART
                0x08007fe8       0xa4 ./Drivers/UART/UART.o
                0x08007fe8                Init_DMA_UART
 .text.Modify_UART_Baudrate
                0x0800808c       0x76 ./Drivers/UART/UART.o
                0x0800808c                Modify_UART_Baudrate
 .text.UART_Transmit
                0x08008102       0xb6 ./Drivers/UART/UART.o
                0x08008102                UART_Transmit
 .text.UART_Transmit_Blocking
                0x080081b8       0x28 ./Drivers/UART/UART.o
                0x080081b8                UART_Transmit_Blocking
 .text.UART_Receive
                0x080081e0       0x94 ./Drivers/UART/UART.o
                0x080081e0                UART_Receive
 .text.UART_Thread
                0x08008274       0xa0 ./Drivers/UART/UART.o
                0x08008274                UART_Thread
 .text.HAL_UART_TxCpltCallback
                0x08008314       0x8c ./Drivers/UART/UART.o
                0x08008314                HAL_UART_TxCpltCallback
 .text.HAL_UART_RxCpltCallback
                0x080083a0       0x10 ./Drivers/UART/UART.o
                0x080083a0                HAL_UART_RxCpltCallback
 .text.HAL_UART_ErrorCallback
                0x080083b0       0x94 ./Drivers/UART/UART.o
                0x080083b0                HAL_UART_ErrorCallback
 .text.Init_HumPRO_900
                0x08008444       0xcc ./HumPRO_900/HumPRO_900.o
                0x08008444                Init_HumPRO_900
 .text.HumPRO_900_Task
                0x08008510      0x340 ./HumPRO_900/HumPRO_900.o
                0x08008510                HumPRO_900_Task
 .text.HumPRO_900_RX_Complete
                0x08008850       0x98 ./HumPRO_900/HumPRO_900.o
                0x08008850                HumPRO_900_RX_Complete
 .text.Init_HumPRO_900_Receiver
                0x080088e8      0x11c ./HumPRO_900/HumPRO_900_Receiver.o
                0x080088e8                Init_HumPRO_900_Receiver
 .text.HumPRO_900_Receiver_Task
                0x08008a04       0x64 ./HumPRO_900/HumPRO_900_Receiver.o
                0x08008a04                HumPRO_900_Receiver_Task
 .text.HumPRO_900_Write_Register
                0x08008a68      0x160 ./HumPRO_900/HumPRO_900_Receiver.o
                0x08008a68                HumPRO_900_Write_Register
 .text.HumPRO_900_Read_Register
                0x08008bc8       0xa0 ./HumPRO_900/HumPRO_900_Receiver.o
                0x08008bc8                HumPRO_900_Read_Register
 .text.HumPRO_900_Read_Received_Data
                0x08008c68       0x90 ./HumPRO_900/HumPRO_900_Receiver.o
                0x08008c68                HumPRO_900_Read_Received_Data
 .text.HumPRO_900_Process_RX_Data
                0x08008cf8      0x328 ./HumPRO_900/HumPRO_900_Receiver.o
 .text.FBAlloc_Create
                0x08009020      0x10c ./sdk-stm32l0xx/src/FBAllocator.o
                0x08009020                FBAlloc_Create
 .text.FBAlloc_Alloc
                0x0800912c       0x84 ./sdk-stm32l0xx/src/FBAllocator.o
                0x0800912c                FBAlloc_Alloc
 .text.FBAlloc_Free
                0x080091b0       0x68 ./sdk-stm32l0xx/src/FBAllocator.o
                0x080091b0                FBAlloc_Free
 .text.FBAlloc_GetNumBlocks
                0x08009218       0x14 ./sdk-stm32l0xx/src/FBAllocator.o
                0x08009218                FBAlloc_GetNumBlocks
 .text.FBAlloc_GetNumFreeBlocks
                0x0800922c       0x20 ./sdk-stm32l0xx/src/FBAllocator.o
                0x0800922c                FBAlloc_GetNumFreeBlocks
 .text.IMsgQ_Init
                0x0800924c       0x7c ./sdk-stm32l0xx/src/IMsgQueue.o
                0x0800924c                IMsgQ_Init
 .text.FreeNode
                0x080092c8       0x3c ./sdk-stm32l0xx/src/IMsgQueue.o
 .text.IMsgQ_Peek
                0x08009304       0x16 ./sdk-stm32l0xx/src/IMsgQueue.o
                0x08009304                IMsgQ_Peek
 .text.IMsgQ_Pop
                0x0800931a       0x76 ./sdk-stm32l0xx/src/IMsgQueue.o
                0x0800931a                IMsgQ_Pop
 .text.IMsgQ_Get_Num_Packets
                0x08009390       0x14 ./sdk-stm32l0xx/src/IMsgQueue.o
                0x08009390                IMsgQ_Get_Num_Packets
 .text.Init_Module_Info
                0x080093a4      0x164 ./sdk-stm32l0xx/src/Module.o
                0x080093a4                Init_Module_Info
 .text.Write_Module_Info
                0x08009508       0x64 ./sdk-stm32l0xx/src/Module.o
                0x08009508                Write_Module_Info
 .text.__NVIC_SystemReset
                0x0800956c       0x24 ./sdk-stm32l0xx/src/Module_Bus_Command_Parser.o
 .text.Parser_Module_Command
                0x08009590      0x148 ./sdk-stm32l0xx/src/Module_Bus_Command_Parser.o
                0x08009590                Parser_Module_Command
 .text.Enable_Module
                0x080096d8        0xa ./sdk-stm32l0xx/src/Module_Bus_Command_Parser.o
                0x080096d8                Enable_Module
 .text.Disable_Module
                0x080096e2        0xa ./sdk-stm32l0xx/src/Module_Bus_Command_Parser.o
                0x080096e2                Disable_Module
 .text.Enumeration_Complete
                0x080096ec        0xa ./sdk-stm32l0xx/src/Module_Bus_Command_Parser.o
                0x080096ec                Enumeration_Complete
 .text.IsValidModuleCommand
                0x080096f6       0x1e ./sdk-stm32l0xx/src/Module_Bus_Driver.o
 .text.pmdGetMsTicks
                0x08009714       0x14 ./sdk-stm32l0xx/src/Module_Bus_Driver.o
 .text.TimesUp  0x08009728       0x1e ./sdk-stm32l0xx/src/Module_Bus_Driver.o
 .text.Log_Packet
                0x08009746       0x10 ./sdk-stm32l0xx/src/Module_Bus_Driver.o
                0x08009746                Log_Packet
 *fill*         0x08009756        0x2 
 .text.Init_Module_Bus
                0x08009758       0x48 ./sdk-stm32l0xx/src/Module_Bus_Driver.o
                0x08009758                Init_Module_Bus
 .text.Init_Module_BusEx
                0x080097a0       0xd4 ./sdk-stm32l0xx/src/Module_Bus_Driver.o
                0x080097a0                Init_Module_BusEx
 .text.Module_Bus_Tasks
                0x08009874       0xf4 ./sdk-stm32l0xx/src/Module_Bus_Driver.o
                0x08009874                Module_Bus_Tasks
 .text.Module_Bus_Immediate_Send
                0x08009968       0x64 ./sdk-stm32l0xx/src/Module_Bus_Driver.o
                0x08009968                Module_Bus_Immediate_Send
 .text.Module_Bus_Buffered_Send
                0x080099cc       0x64 ./sdk-stm32l0xx/src/Module_Bus_Driver.o
                0x080099cc                Module_Bus_Buffered_Send
 .text.Set_Module_Bus_INT
                0x08009a30       0x5c ./sdk-stm32l0xx/src/Module_Bus_Driver.o
                0x08009a30                Set_Module_Bus_INT
 .text.Clear_Module_Bus_INT
                0x08009a8c       0x58 ./sdk-stm32l0xx/src/Module_Bus_Driver.o
                0x08009a8c                Clear_Module_Bus_INT
 .text.I2C_Data_Received_Callback
                0x08009ae4       0x70 ./sdk-stm32l0xx/src/Module_Bus_Driver.o
                0x08009ae4                I2C_Data_Received_Callback
 .text.Send_Enum_Request_Message
                0x08009b54       0x2c ./sdk-stm32l0xx/src/Module_Bus_Driver.o
                0x08009b54                Send_Enum_Request_Message
 .text.Create_Module_Bus_Packet
                0x08009b80       0x82 ./sdk-stm32l0xx/src/Module_Bus_Packet.o
                0x08009b80                Create_Module_Bus_Packet
 .text.Module_Lib_EEPROM_Safe_Write
                0x08009c02       0x68 ./sdk-stm32l0xx/src/Module_EEPROM.o
                0x08009c02                Module_Lib_EEPROM_Safe_Write
 *fill*         0x08009c6a        0x2 
 .text.Module_Lib_EEPROM_Write
                0x08009c6c       0x94 ./sdk-stm32l0xx/src/Module_EEPROM.o
                0x08009c6c                Module_Lib_EEPROM_Write
 .text.Module_Lib_EEPROM_Read
                0x08009d00       0x6c ./sdk-stm32l0xx/src/Module_EEPROM.o
                0x08009d00                Module_Lib_EEPROM_Read
 .text.Init_Module_I2C_Driver
                0x08009d6c       0x24 ./sdk-stm32l0xx/src/Module_I2C_Driver.o
                0x08009d6c                Init_Module_I2C_Driver
 .text.MsgQ_Init
                0x08009d90       0x64 ./sdk-stm32l0xx/src/MsgQueue.o
                0x08009d90                MsgQ_Init
 .text.GetEmptyNode
                0x08009df4       0x72 ./sdk-stm32l0xx/src/MsgQueue.o
 .text.FreeNode
                0x08009e66       0x2c ./sdk-stm32l0xx/src/MsgQueue.o
 .text.MsgQ_Push
                0x08009e92       0xa2 ./sdk-stm32l0xx/src/MsgQueue.o
                0x08009e92                MsgQ_Push
 .text.MsgQ_PushFront
                0x08009f34       0xa2 ./sdk-stm32l0xx/src/MsgQueue.o
                0x08009f34                MsgQ_PushFront
 *fill*         0x08009fd6        0x2 
 .text.MsgQ_List_Queue_Packets
                0x08009fd8       0x68 ./sdk-stm32l0xx/src/MsgQueue.o
                0x08009fd8                MsgQ_List_Queue_Packets
 .text.MsgQ_Pop
                0x0800a040       0x82 ./sdk-stm32l0xx/src/MsgQueue.o
                0x0800a040                MsgQ_Pop
 .text.MsgQ_Get_Num_Packets
                0x0800a0c2       0x14 ./sdk-stm32l0xx/src/MsgQueue.o
                0x0800a0c2                MsgQ_Get_Num_Packets
 *fill*         0x0800a0d6        0x2 
 .text.Init_RTC
                0x0800a0d8       0xa0 ./sdk-stm32l0xx/src/RTC.o
                0x0800a0d8                Init_RTC
 .text.Get_Current_Time
                0x0800a178      0x1d0 ./sdk-stm32l0xx/src/RTC.o
                0x0800a178                Get_Current_Time
 .text.Get_Current_Epoch_Time
                0x0800a348       0x7e ./sdk-stm32l0xx/src/RTC.o
                0x0800a348                Get_Current_Epoch_Time
 *fill*         0x0800a3c6        0x2 
 .text.Set_Current_Time
                0x0800a3c8      0x230 ./sdk-stm32l0xx/src/RTC.o
                0x0800a3c8                Set_Current_Time
 .text.Request_Controller_Time_Sync
                0x0800a5f8       0xb8 ./sdk-stm32l0xx/src/RTC.o
                0x0800a5f8                Request_Controller_Time_Sync
 .text.pmdGetMsTicks
                0x0800a6b0       0x14 ./sdk-stm32l0xx/src/Reg_Level_I2C_Slave.o
 .text.TimedOut
                0x0800a6c4       0x26 ./sdk-stm32l0xx/src/Reg_Level_I2C_Slave.o
 .text.RB8_Init
                0x0800a6ea       0x26 ./sdk-stm32l0xx/src/Reg_Level_I2C_Slave.o
 .text.Init_I2C_Slave
                0x0800a710       0xcc ./sdk-stm32l0xx/src/Reg_Level_I2C_Slave.o
                0x0800a710                Init_I2C_Slave
 .text.Send_Next_Queued_Packet
                0x0800a7dc       0xac ./sdk-stm32l0xx/src/Reg_Level_I2C_Slave.o
                0x0800a7dc                Send_Next_Queued_Packet
 .text.Update_I2C_State_Machine
                0x0800a888      0x1e8 ./sdk-stm32l0xx/src/Reg_Level_I2C_Slave.o
                0x0800a888                Update_I2C_State_Machine
 .text.pmdGetMsTicks
                0x0800aa70       0x14 ./sdk-stm32l0xx/src/led_task.o
 .text.led_set_timer
                0x0800aa84       0x24 ./sdk-stm32l0xx/src/led_task.o
 .text.led_blink_fast
                0x0800aaa8       0x24 ./sdk-stm32l0xx/src/led_task.o
                0x0800aaa8                led_blink_fast
 .text.store_ptr
                0x0800aacc       0x48 ./sdk-stm32l0xx/src/util.o
 .text.check_ptr
                0x0800ab14       0x64 ./sdk-stm32l0xx/src/util.o
 .text.dec_counter
                0x0800ab78       0x58 ./sdk-stm32l0xx/src/util.o
 .text.dbg_malloc
                0x0800abd0       0x84 ./sdk-stm32l0xx/src/util.o
                0x0800abd0                dbg_malloc
 .text.dbg_free
                0x0800ac54       0x88 ./sdk-stm32l0xx/src/util.o
                0x0800ac54                dbg_free
 .text.Get_CRC8
                0x0800acdc       0x64 ./sdk-stm32l0xx/src/util.o
                0x0800acdc                Get_CRC8
 .text.noprintf
                0x0800ad40       0x14 ./sdk-stm32l0xx/src/util.o
                0x0800ad40                noprintf
 .text.CritSect_Push
                0x0800ad54       0x38 ./sdk-stm32l0xx/src/util.o
                0x0800ad54                CritSect_Push
 .text.CritSect_Pop
                0x0800ad8c       0x2c ./sdk-stm32l0xx/src/util.o
                0x0800ad8c                CritSect_Pop
 .text.malloc   0x0800adb8       0x14 C:/ST/STM32CubeIDE_1.18.0/STM32CubeIDE/plugins/com.st.stm32cube.ide.mcu.externaltools.gnu-tools-for-stm32.13.3.rel1.win32_1.0.0.202411081344/tools/bin/../lib/gcc/arm-none-eabi/13.3.1/../../../../arm-none-eabi/lib/thumb/v6-m/nofp\libc_nano.a(libc_a-malloc.o)
                0x0800adb8                malloc
 .text.free     0x0800adcc       0x14 C:/ST/STM32CubeIDE_1.18.0/STM32CubeIDE/plugins/com.st.stm32cube.ide.mcu.externaltools.gnu-tools-for-stm32.13.3.rel1.win32_1.0.0.202411081344/tools/bin/../lib/gcc/arm-none-eabi/13.3.1/../../../../arm-none-eabi/lib/thumb/v6-m/nofp\libc_nano.a(libc_a-malloc.o)
                0x0800adcc                free
 .text.sbrk_aligned
                0x0800ade0       0x44 C:/ST/STM32CubeIDE_1.18.0/STM32CubeIDE/plugins/com.st.stm32cube.ide.mcu.externaltools.gnu-tools-for-stm32.13.3.rel1.win32_1.0.0.202411081344/tools/bin/../lib/gcc/arm-none-eabi/13.3.1/../../../../arm-none-eabi/lib/thumb/v6-m/nofp\libc_nano.a(libc_a-mallocr.o)
 .text._malloc_r
                0x0800ae24      0x100 C:/ST/STM32CubeIDE_1.18.0/STM32CubeIDE/plugins/com.st.stm32cube.ide.mcu.externaltools.gnu-tools-for-stm32.13.3.rel1.win32_1.0.0.202411081344/tools/bin/../lib/gcc/arm-none-eabi/13.3.1/../../../../arm-none-eabi/lib/thumb/v6-m/nofp\libc_nano.a(libc_a-mallocr.o)
                0x0800ae24                _malloc_r
 .text.__malloc_lock
                0x0800af24       0x10 C:/ST/STM32CubeIDE_1.18.0/STM32CubeIDE/plugins/com.st.stm32cube.ide.mcu.externaltools.gnu-tools-for-stm32.13.3.rel1.win32_1.0.0.202411081344/tools/bin/../lib/gcc/arm-none-eabi/13.3.1/../../../../arm-none-eabi/lib/thumb/v6-m/nofp\libc_nano.a(libc_a-mlock.o)
                0x0800af24                __malloc_lock
 .text.__malloc_unlock
                0x0800af34       0x10 C:/ST/STM32CubeIDE_1.18.0/STM32CubeIDE/plugins/com.st.stm32cube.ide.mcu.externaltools.gnu-tools-for-stm32.13.3.rel1.win32_1.0.0.202411081344/tools/bin/../lib/gcc/arm-none-eabi/13.3.1/../../../../arm-none-eabi/lib/thumb/v6-m/nofp\libc_nano.a(libc_a-mlock.o)
                0x0800af34                __malloc_unlock
 .text.malloc_usable_size
                0x0800af44       0x14 C:/ST/STM32CubeIDE_1.18.0/STM32CubeIDE/plugins/com.st.stm32cube.ide.mcu.externaltools.gnu-tools-for-stm32.13.3.rel1.win32_1.0.0.202411081344/tools/bin/../lib/gcc/arm-none-eabi/13.3.1/../../../../arm-none-eabi/lib/thumb/v6-m/nofp\libc_nano.a(libc_a-msize.o)
                0x0800af44                malloc_usable_size
 .text.std      0x0800af58       0x6c C:/ST/STM32CubeIDE_1.18.0/STM32CubeIDE/plugins/com.st.stm32cube.ide.mcu.externaltools.gnu-tools-for-stm32.13.3.rel1.win32_1.0.0.202411081344/tools/bin/../lib/gcc/arm-none-eabi/13.3.1/../../../../arm-none-eabi/lib/thumb/v6-m/nofp\libc_nano.a(libc_a-findfp.o)
 .text.stdio_exit_handler
                0x0800afc4       0x1c C:/ST/STM32CubeIDE_1.18.0/STM32CubeIDE/plugins/com.st.stm32cube.ide.mcu.externaltools.gnu-tools-for-stm32.13.3.rel1.win32_1.0.0.202411081344/tools/bin/../lib/gcc/arm-none-eabi/13.3.1/../../../../arm-none-eabi/lib/thumb/v6-m/nofp\libc_nano.a(libc_a-findfp.o)
 .text.cleanup_stdio
                0x0800afe0       0x3c C:/ST/STM32CubeIDE_1.18.0/STM32CubeIDE/plugins/com.st.stm32cube.ide.mcu.externaltools.gnu-tools-for-stm32.13.3.rel1.win32_1.0.0.202411081344/tools/bin/../lib/gcc/arm-none-eabi/13.3.1/../../../../arm-none-eabi/lib/thumb/v6-m/nofp\libc_nano.a(libc_a-findfp.o)
 .text.global_stdio_init.part.0
                0x0800b01c       0x3c C:/ST/STM32CubeIDE_1.18.0/STM32CubeIDE/plugins/com.st.stm32cube.ide.mcu.externaltools.gnu-tools-for-stm32.13.3.rel1.win32_1.0.0.202411081344/tools/bin/../lib/gcc/arm-none-eabi/13.3.1/../../../../arm-none-eabi/lib/thumb/v6-m/nofp\libc_nano.a(libc_a-findfp.o)
 .text.__sfp_lock_acquire
                0x0800b058       0x10 C:/ST/STM32CubeIDE_1.18.0/STM32CubeIDE/plugins/com.st.stm32cube.ide.mcu.externaltools.gnu-tools-for-stm32.13.3.rel1.win32_1.0.0.202411081344/tools/bin/../lib/gcc/arm-none-eabi/13.3.1/../../../../arm-none-eabi/lib/thumb/v6-m/nofp\libc_nano.a(libc_a-findfp.o)
                0x0800b058                __sfp_lock_acquire
 .text.__sfp_lock_release
                0x0800b068       0x10 C:/ST/STM32CubeIDE_1.18.0/STM32CubeIDE/plugins/com.st.stm32cube.ide.mcu.externaltools.gnu-tools-for-stm32.13.3.rel1.win32_1.0.0.202411081344/tools/bin/../lib/gcc/arm-none-eabi/13.3.1/../../../../arm-none-eabi/lib/thumb/v6-m/nofp\libc_nano.a(libc_a-findfp.o)
                0x0800b068                __sfp_lock_release
 .text.__sinit  0x0800b078       0x30 C:/ST/STM32CubeIDE_1.18.0/STM32CubeIDE/plugins/com.st.stm32cube.ide.mcu.externaltools.gnu-tools-for-stm32.13.3.rel1.win32_1.0.0.202411081344/tools/bin/../lib/gcc/arm-none-eabi/13.3.1/../../../../arm-none-eabi/lib/thumb/v6-m/nofp\libc_nano.a(libc_a-findfp.o)
                0x0800b078                __sinit
 .text._fwalk_sglue
                0x0800b0a8       0x38 C:/ST/STM32CubeIDE_1.18.0/STM32CubeIDE/plugins/com.st.stm32cube.ide.mcu.externaltools.gnu-tools-for-stm32.13.3.rel1.win32_1.0.0.202411081344/tools/bin/../lib/gcc/arm-none-eabi/13.3.1/../../../../arm-none-eabi/lib/thumb/v6-m/nofp\libc_nano.a(libc_a-fwalk.o)
                0x0800b0a8                _fwalk_sglue
 .text.printf   0x0800b0e0       0x20 C:/ST/STM32CubeIDE_1.18.0/STM32CubeIDE/plugins/com.st.stm32cube.ide.mcu.externaltools.gnu-tools-for-stm32.13.3.rel1.win32_1.0.0.202411081344/tools/bin/../lib/gcc/arm-none-eabi/13.3.1/../../../../arm-none-eabi/lib/thumb/v6-m/nofp\libc_nano.a(libc_a-printf.o)
                0x0800b0e0                iprintf
                0x0800b0e0                printf
 .text.putchar  0x0800b100       0x14 C:/ST/STM32CubeIDE_1.18.0/STM32CubeIDE/plugins/com.st.stm32cube.ide.mcu.externaltools.gnu-tools-for-stm32.13.3.rel1.win32_1.0.0.202411081344/tools/bin/../lib/gcc/arm-none-eabi/13.3.1/../../../../arm-none-eabi/lib/thumb/v6-m/nofp\libc_nano.a(libc_a-putchar.o)
                0x0800b100                putchar
 .text._puts_r  0x0800b114       0xac C:/ST/STM32CubeIDE_1.18.0/STM32CubeIDE/plugins/com.st.stm32cube.ide.mcu.externaltools.gnu-tools-for-stm32.13.3.rel1.win32_1.0.0.202411081344/tools/bin/../lib/gcc/arm-none-eabi/13.3.1/../../../../arm-none-eabi/lib/thumb/v6-m/nofp\libc_nano.a(libc_a-puts.o)
                0x0800b114                _puts_r
 .text.puts     0x0800b1c0       0x14 C:/ST/STM32CubeIDE_1.18.0/STM32CubeIDE/plugins/com.st.stm32cube.ide.mcu.externaltools.gnu-tools-for-stm32.13.3.rel1.win32_1.0.0.202411081344/tools/bin/../lib/gcc/arm-none-eabi/13.3.1/../../../../arm-none-eabi/lib/thumb/v6-m/nofp\libc_nano.a(libc_a-puts.o)
                0x0800b1c0                puts
 .text.__sread  0x0800b1d4       0x28 C:/ST/STM32CubeIDE_1.18.0/STM32CubeIDE/plugins/com.st.stm32cube.ide.mcu.externaltools.gnu-tools-for-stm32.13.3.rel1.win32_1.0.0.202411081344/tools/bin/../lib/gcc/arm-none-eabi/13.3.1/../../../../arm-none-eabi/lib/thumb/v6-m/nofp\libc_nano.a(libc_a-stdio.o)
                0x0800b1d4                __sread
 .text.__seofread
                0x0800b1fc        0x4 C:/ST/STM32CubeIDE_1.18.0/STM32CubeIDE/plugins/com.st.stm32cube.ide.mcu.externaltools.gnu-tools-for-stm32.13.3.rel1.win32_1.0.0.202411081344/tools/bin/../lib/gcc/arm-none-eabi/13.3.1/../../../../arm-none-eabi/lib/thumb/v6-m/nofp\libc_nano.a(libc_a-stdio.o)
                0x0800b1fc                __seofread
 .text.__swrite
                0x0800b200       0x38 C:/ST/STM32CubeIDE_1.18.0/STM32CubeIDE/plugins/com.st.stm32cube.ide.mcu.externaltools.gnu-tools-for-stm32.13.3.rel1.win32_1.0.0.202411081344/tools/bin/../lib/gcc/arm-none-eabi/13.3.1/../../../../arm-none-eabi/lib/thumb/v6-m/nofp\libc_nano.a(libc_a-stdio.o)
                0x0800b200                __swrite
 .text.__sseek  0x0800b238       0x2c C:/ST/STM32CubeIDE_1.18.0/STM32CubeIDE/plugins/com.st.stm32cube.ide.mcu.externaltools.gnu-tools-for-stm32.13.3.rel1.win32_1.0.0.202411081344/tools/bin/../lib/gcc/arm-none-eabi/13.3.1/../../../../arm-none-eabi/lib/thumb/v6-m/nofp\libc_nano.a(libc_a-stdio.o)
                0x0800b238                __sseek
 .text.__sclose
                0x0800b264        0xc C:/ST/STM32CubeIDE_1.18.0/STM32CubeIDE/plugins/com.st.stm32cube.ide.mcu.externaltools.gnu-tools-for-stm32.13.3.rel1.win32_1.0.0.202411081344/tools/bin/../lib/gcc/arm-none-eabi/13.3.1/../../../../arm-none-eabi/lib/thumb/v6-m/nofp\libc_nano.a(libc_a-stdio.o)
                0x0800b264                __sclose
 .text.__swbuf_r
                0x0800b270       0x84 C:/ST/STM32CubeIDE_1.18.0/STM32CubeIDE/plugins/com.st.stm32cube.ide.mcu.externaltools.gnu-tools-for-stm32.13.3.rel1.win32_1.0.0.202411081344/tools/bin/../lib/gcc/arm-none-eabi/13.3.1/../../../../arm-none-eabi/lib/thumb/v6-m/nofp\libc_nano.a(libc_a-wbuf.o)
                0x0800b270                __swbuf_r
 .text.__swsetup_r
                0x0800b2f4       0xbc C:/ST/STM32CubeIDE_1.18.0/STM32CubeIDE/plugins/com.st.stm32cube.ide.mcu.externaltools.gnu-tools-for-stm32.13.3.rel1.win32_1.0.0.202411081344/tools/bin/../lib/gcc/arm-none-eabi/13.3.1/../../../../arm-none-eabi/lib/thumb/v6-m/nofp\libc_nano.a(libc_a-wsetup.o)
                0x0800b2f4                __swsetup_r
 .text.memcmp   0x0800b3b0       0x1c C:/ST/STM32CubeIDE_1.18.0/STM32CubeIDE/plugins/com.st.stm32cube.ide.mcu.externaltools.gnu-tools-for-stm32.13.3.rel1.win32_1.0.0.202411081344/tools/bin/../lib/gcc/arm-none-eabi/13.3.1/../../../../arm-none-eabi/lib/thumb/v6-m/nofp\libc_nano.a(libc_a-memcmp.o)
                0x0800b3b0                memcmp
 .text.memset   0x0800b3cc       0x10 C:/ST/STM32CubeIDE_1.18.0/STM32CubeIDE/plugins/com.st.stm32cube.ide.mcu.externaltools.gnu-tools-for-stm32.13.3.rel1.win32_1.0.0.202411081344/tools/bin/../lib/gcc/arm-none-eabi/13.3.1/../../../../arm-none-eabi/lib/thumb/v6-m/nofp\libc_nano.a(libc_a-memset.o)
                0x0800b3cc                memset
 .text.strncpy  0x0800b3dc       0x28 C:/ST/STM32CubeIDE_1.18.0/STM32CubeIDE/plugins/com.st.stm32cube.ide.mcu.externaltools.gnu-tools-for-stm32.13.3.rel1.win32_1.0.0.202411081344/tools/bin/../lib/gcc/arm-none-eabi/13.3.1/../../../../arm-none-eabi/lib/thumb/v6-m/nofp\libc_nano.a(libc_a-strncpy.o)
                0x0800b3dc                strncpy
 .text.localtime_r
                0x0800b404      0x1f0 C:/ST/STM32CubeIDE_1.18.0/STM32CubeIDE/plugins/com.st.stm32cube.ide.mcu.externaltools.gnu-tools-for-stm32.13.3.rel1.win32_1.0.0.202411081344/tools/bin/../lib/gcc/arm-none-eabi/13.3.1/../../../../arm-none-eabi/lib/thumb/v6-m/nofp\libc_nano.a(libc_a-lcltime_r.o)
                0x0800b404                localtime_r
 .text.validate_structure
                0x0800b5f4      0x18c C:/ST/STM32CubeIDE_1.18.0/STM32CubeIDE/plugins/com.st.stm32cube.ide.mcu.externaltools.gnu-tools-for-stm32.13.3.rel1.win32_1.0.0.202411081344/tools/bin/../lib/gcc/arm-none-eabi/13.3.1/../../../../arm-none-eabi/lib/thumb/v6-m/nofp\libc_nano.a(libc_a-mktime.o)
 .text.mktime   0x0800b780      0x3d0 C:/ST/STM32CubeIDE_1.18.0/STM32CubeIDE/plugins/com.st.stm32cube.ide.mcu.externaltools.gnu-tools-for-stm32.13.3.rel1.win32_1.0.0.202411081344/tools/bin/../lib/gcc/arm-none-eabi/13.3.1/../../../../arm-none-eabi/lib/thumb/v6-m/nofp\libc_nano.a(libc_a-mktime.o)
                0x0800b780                mktime
 .text.__tzcalc_limits
                0x0800bb50      0x174 C:/ST/STM32CubeIDE_1.18.0/STM32CubeIDE/plugins/com.st.stm32cube.ide.mcu.externaltools.gnu-tools-for-stm32.13.3.rel1.win32_1.0.0.202411081344/tools/bin/../lib/gcc/arm-none-eabi/13.3.1/../../../../arm-none-eabi/lib/thumb/v6-m/nofp\libc_nano.a(libc_a-tzcalc_limits.o)
                0x0800bb50                __tzcalc_limits
 .text.__tz_lock
                0x0800bcc4       0x10 C:/ST/STM32CubeIDE_1.18.0/STM32CubeIDE/plugins/com.st.stm32cube.ide.mcu.externaltools.gnu-tools-for-stm32.13.3.rel1.win32_1.0.0.202411081344/tools/bin/../lib/gcc/arm-none-eabi/13.3.1/../../../../arm-none-eabi/lib/thumb/v6-m/nofp\libc_nano.a(libc_a-tzlock.o)
                0x0800bcc4                __tz_lock
 .text.__tz_unlock
                0x0800bcd4       0x10 C:/ST/STM32CubeIDE_1.18.0/STM32CubeIDE/plugins/com.st.stm32cube.ide.mcu.externaltools.gnu-tools-for-stm32.13.3.rel1.win32_1.0.0.202411081344/tools/bin/../lib/gcc/arm-none-eabi/13.3.1/../../../../arm-none-eabi/lib/thumb/v6-m/nofp\libc_nano.a(libc_a-tzlock.o)
                0x0800bcd4                __tz_unlock
 .text._tzset_unlocked
                0x0800bce4       0x10 C:/ST/STM32CubeIDE_1.18.0/STM32CubeIDE/plugins/com.st.stm32cube.ide.mcu.externaltools.gnu-tools-for-stm32.13.3.rel1.win32_1.0.0.202411081344/tools/bin/../lib/gcc/arm-none-eabi/13.3.1/../../../../arm-none-eabi/lib/thumb/v6-m/nofp\libc_nano.a(libc_a-tzset.o)
                0x0800bce4                _tzset_unlocked
 .text._tzset_unlocked_r
                0x0800bcf4      0x43c C:/ST/STM32CubeIDE_1.18.0/STM32CubeIDE/plugins/com.st.stm32cube.ide.mcu.externaltools.gnu-tools-for-stm32.13.3.rel1.win32_1.0.0.202411081344/tools/bin/../lib/gcc/arm-none-eabi/13.3.1/../../../../arm-none-eabi/lib/thumb/v6-m/nofp\libc_nano.a(libc_a-tzset_r.o)
                0x0800bcf4                _tzset_unlocked_r
 .text._close_r
                0x0800c130       0x24 C:/ST/STM32CubeIDE_1.18.0/STM32CubeIDE/plugins/com.st.stm32cube.ide.mcu.externaltools.gnu-tools-for-stm32.13.3.rel1.win32_1.0.0.202411081344/tools/bin/../lib/gcc/arm-none-eabi/13.3.1/../../../../arm-none-eabi/lib/thumb/v6-m/nofp\libc_nano.a(libc_a-closer.o)
                0x0800c130                _close_r
 .text._lseek_r
                0x0800c154       0x28 C:/ST/STM32CubeIDE_1.18.0/STM32CubeIDE/plugins/com.st.stm32cube.ide.mcu.externaltools.gnu-tools-for-stm32.13.3.rel1.win32_1.0.0.202411081344/tools/bin/../lib/gcc/arm-none-eabi/13.3.1/../../../../arm-none-eabi/lib/thumb/v6-m/nofp\libc_nano.a(libc_a-lseekr.o)
                0x0800c154                _lseek_r
 .text._read_r  0x0800c17c       0x28 C:/ST/STM32CubeIDE_1.18.0/STM32CubeIDE/plugins/com.st.stm32cube.ide.mcu.externaltools.gnu-tools-for-stm32.13.3.rel1.win32_1.0.0.202411081344/tools/bin/../lib/gcc/arm-none-eabi/13.3.1/../../../../arm-none-eabi/lib/thumb/v6-m/nofp\libc_nano.a(libc_a-readr.o)
                0x0800c17c                _read_r
 .text._sbrk_r  0x0800c1a4       0x24 C:/ST/STM32CubeIDE_1.18.0/STM32CubeIDE/plugins/com.st.stm32cube.ide.mcu.externaltools.gnu-tools-for-stm32.13.3.rel1.win32_1.0.0.202411081344/tools/bin/../lib/gcc/arm-none-eabi/13.3.1/../../../../arm-none-eabi/lib/thumb/v6-m/nofp\libc_nano.a(libc_a-sbrkr.o)
                0x0800c1a4                _sbrk_r
 .text._write_r
                0x0800c1c8       0x28 C:/ST/STM32CubeIDE_1.18.0/STM32CubeIDE/plugins/com.st.stm32cube.ide.mcu.externaltools.gnu-tools-for-stm32.13.3.rel1.win32_1.0.0.202411081344/tools/bin/../lib/gcc/arm-none-eabi/13.3.1/../../../../arm-none-eabi/lib/thumb/v6-m/nofp\libc_nano.a(libc_a-writer.o)
                0x0800c1c8                _write_r
 .text.__errno  0x0800c1f0        0xc C:/ST/STM32CubeIDE_1.18.0/STM32CubeIDE/plugins/com.st.stm32cube.ide.mcu.externaltools.gnu-tools-for-stm32.13.3.rel1.win32_1.0.0.202411081344/tools/bin/../lib/gcc/arm-none-eabi/13.3.1/../../../../arm-none-eabi/lib/thumb/v6-m/nofp\libc_nano.a(libc_a-errno.o)
                0x0800c1f0                __errno
 .text.__libc_init_array
                0x0800c1fc       0x48 C:/ST/STM32CubeIDE_1.18.0/STM32CubeIDE/plugins/com.st.stm32cube.ide.mcu.externaltools.gnu-tools-for-stm32.13.3.rel1.win32_1.0.0.202411081344/tools/bin/../lib/gcc/arm-none-eabi/13.3.1/../../../../arm-none-eabi/lib/thumb/v6-m/nofp\libc_nano.a(libc_a-init.o)
                0x0800c1fc                __libc_init_array
 .text.__retarget_lock_init_recursive
                0x0800c244        0x2 C:/ST/STM32CubeIDE_1.18.0/STM32CubeIDE/plugins/com.st.stm32cube.ide.mcu.externaltools.gnu-tools-for-stm32.13.3.rel1.win32_1.0.0.202411081344/tools/bin/../lib/gcc/arm-none-eabi/13.3.1/../../../../arm-none-eabi/lib/thumb/v6-m/nofp\libc_nano.a(libc_a-lock.o)
                0x0800c244                __retarget_lock_init_recursive
 .text.__retarget_lock_acquire
                0x0800c246        0x2 C:/ST/STM32CubeIDE_1.18.0/STM32CubeIDE/plugins/com.st.stm32cube.ide.mcu.externaltools.gnu-tools-for-stm32.13.3.rel1.win32_1.0.0.202411081344/tools/bin/../lib/gcc/arm-none-eabi/13.3.1/../../../../arm-none-eabi/lib/thumb/v6-m/nofp\libc_nano.a(libc_a-lock.o)
                0x0800c246                __retarget_lock_acquire
 .text.__retarget_lock_acquire_recursive
                0x0800c248        0x2 C:/ST/STM32CubeIDE_1.18.0/STM32CubeIDE/plugins/com.st.stm32cube.ide.mcu.externaltools.gnu-tools-for-stm32.13.3.rel1.win32_1.0.0.202411081344/tools/bin/../lib/gcc/arm-none-eabi/13.3.1/../../../../arm-none-eabi/lib/thumb/v6-m/nofp\libc_nano.a(libc_a-lock.o)
                0x0800c248                __retarget_lock_acquire_recursive
 .text.__retarget_lock_release
                0x0800c24a        0x2 C:/ST/STM32CubeIDE_1.18.0/STM32CubeIDE/plugins/com.st.stm32cube.ide.mcu.externaltools.gnu-tools-for-stm32.13.3.rel1.win32_1.0.0.202411081344/tools/bin/../lib/gcc/arm-none-eabi/13.3.1/../../../../arm-none-eabi/lib/thumb/v6-m/nofp\libc_nano.a(libc_a-lock.o)
                0x0800c24a                __retarget_lock_release
 .text.__retarget_lock_release_recursive
                0x0800c24c        0x2 C:/ST/STM32CubeIDE_1.18.0/STM32CubeIDE/plugins/com.st.stm32cube.ide.mcu.externaltools.gnu-tools-for-stm32.13.3.rel1.win32_1.0.0.202411081344/tools/bin/../lib/gcc/arm-none-eabi/13.3.1/../../../../arm-none-eabi/lib/thumb/v6-m/nofp\libc_nano.a(libc_a-lock.o)
                0x0800c24c                __retarget_lock_release_recursive
 .text.strcpy   0x0800c24e       0x10 C:/ST/STM32CubeIDE_1.18.0/STM32CubeIDE/plugins/com.st.stm32cube.ide.mcu.externaltools.gnu-tools-for-stm32.13.3.rel1.win32_1.0.0.202411081344/tools/bin/../lib/gcc/arm-none-eabi/13.3.1/../../../../arm-none-eabi/lib/thumb/v6-m/nofp\libc_nano.a(libc_a-strcpy.o)
                0x0800c24e                strcpy
 .text.memcpy   0x0800c25e       0x12 C:/ST/STM32CubeIDE_1.18.0/STM32CubeIDE/plugins/com.st.stm32cube.ide.mcu.externaltools.gnu-tools-for-stm32.13.3.rel1.win32_1.0.0.202411081344/tools/bin/../lib/gcc/arm-none-eabi/13.3.1/../../../../arm-none-eabi/lib/thumb/v6-m/nofp\libc_nano.a(libc_a-memcpy-stub.o)
                0x0800c25e                memcpy
 .text.div      0x0800c270       0x14 C:/ST/STM32CubeIDE_1.18.0/STM32CubeIDE/plugins/com.st.stm32cube.ide.mcu.externaltools.gnu-tools-for-stm32.13.3.rel1.win32_1.0.0.202411081344/tools/bin/../lib/gcc/arm-none-eabi/13.3.1/../../../../arm-none-eabi/lib/thumb/v6-m/nofp\libc_nano.a(libc_a-div.o)
                0x0800c270                div
 .text._free_r  0x0800c284       0x94 C:/ST/STM32CubeIDE_1.18.0/STM32CubeIDE/plugins/com.st.stm32cube.ide.mcu.externaltools.gnu-tools-for-stm32.13.3.rel1.win32_1.0.0.202411081344/tools/bin/../lib/gcc/arm-none-eabi/13.3.1/../../../../arm-none-eabi/lib/thumb/v6-m/nofp\libc_nano.a(libc_a-freer.o)
                0x0800c284                _free_r
 .text._findenv_r
                0x0800c318       0x70 C:/ST/STM32CubeIDE_1.18.0/STM32CubeIDE/plugins/com.st.stm32cube.ide.mcu.externaltools.gnu-tools-for-stm32.13.3.rel1.win32_1.0.0.202411081344/tools/bin/../lib/gcc/arm-none-eabi/13.3.1/../../../../arm-none-eabi/lib/thumb/v6-m/nofp\libc_nano.a(libc_a-getenv_r.o)
                0x0800c318                _findenv_r
 .text._getenv_r
                0x0800c388        0xa C:/ST/STM32CubeIDE_1.18.0/STM32CubeIDE/plugins/com.st.stm32cube.ide.mcu.externaltools.gnu-tools-for-stm32.13.3.rel1.win32_1.0.0.202411081344/tools/bin/../lib/gcc/arm-none-eabi/13.3.1/../../../../arm-none-eabi/lib/thumb/v6-m/nofp\libc_nano.a(libc_a-getenv_r.o)
                0x0800c388                _getenv_r
 .text._malloc_usable_size_r
                0x0800c392       0x10 C:/ST/STM32CubeIDE_1.18.0/STM32CubeIDE/plugins/com.st.stm32cube.ide.mcu.externaltools.gnu-tools-for-stm32.13.3.rel1.win32_1.0.0.202411081344/tools/bin/../lib/gcc/arm-none-eabi/13.3.1/../../../../arm-none-eabi/lib/thumb/v6-m/nofp\libc_nano.a(libc_a-msizer.o)
                0x0800c392                _malloc_usable_size_r
 *fill*         0x0800c3a2        0x2 
 .text._strtoul_l.isra.0
                0x0800c3a4      0x104 C:/ST/STM32CubeIDE_1.18.0/STM32CubeIDE/plugins/com.st.stm32cube.ide.mcu.externaltools.gnu-tools-for-stm32.13.3.rel1.win32_1.0.0.202411081344/tools/bin/../lib/gcc/arm-none-eabi/13.3.1/../../../../arm-none-eabi/lib/thumb/v6-m/nofp\libc_nano.a(libc_a-strtoul.o)
 .text._strtoul_r
                0x0800c4a8        0x8 C:/ST/STM32CubeIDE_1.18.0/STM32CubeIDE/plugins/com.st.stm32cube.ide.mcu.externaltools.gnu-tools-for-stm32.13.3.rel1.win32_1.0.0.202411081344/tools/bin/../lib/gcc/arm-none-eabi/13.3.1/../../../../arm-none-eabi/lib/thumb/v6-m/nofp\libc_nano.a(libc_a-strtoul.o)
                0x0800c4a8                _strtoul_r
 .text.strtoul  0x0800c4b0       0x18 C:/ST/STM32CubeIDE_1.18.0/STM32CubeIDE/plugins/com.st.stm32cube.ide.mcu.externaltools.gnu-tools-for-stm32.13.3.rel1.win32_1.0.0.202411081344/tools/bin/../lib/gcc/arm-none-eabi/13.3.1/../../../../arm-none-eabi/lib/thumb/v6-m/nofp\libc_nano.a(libc_a-strtoul.o)
                0x0800c4b0                strtoul
 .text.__sfputc_r
                0x0800c4c8       0x2a C:/ST/STM32CubeIDE_1.18.0/STM32CubeIDE/plugins/com.st.stm32cube.ide.mcu.externaltools.gnu-tools-for-stm32.13.3.rel1.win32_1.0.0.202411081344/tools/bin/../lib/gcc/arm-none-eabi/13.3.1/../../../../arm-none-eabi/lib/thumb/v6-m/nofp\libc_nano.a(libc_a-nano-vfprintf.o)
 .text.__sfputs_r
                0x0800c4f2       0x24 C:/ST/STM32CubeIDE_1.18.0/STM32CubeIDE/plugins/com.st.stm32cube.ide.mcu.externaltools.gnu-tools-for-stm32.13.3.rel1.win32_1.0.0.202411081344/tools/bin/../lib/gcc/arm-none-eabi/13.3.1/../../../../arm-none-eabi/lib/thumb/v6-m/nofp\libc_nano.a(libc_a-nano-vfprintf.o)
                0x0800c4f2                __sfputs_r
 *fill*         0x0800c516        0x2 
 .text._vfprintf_r
                0x0800c518      0x238 C:/ST/STM32CubeIDE_1.18.0/STM32CubeIDE/plugins/com.st.stm32cube.ide.mcu.externaltools.gnu-tools-for-stm32.13.3.rel1.win32_1.0.0.202411081344/tools/bin/../lib/gcc/arm-none-eabi/13.3.1/../../../../arm-none-eabi/lib/thumb/v6-m/nofp\libc_nano.a(libc_a-nano-vfprintf.o)
                0x0800c518                _vfprintf_r
                0x0800c518                _vfiprintf_r
 .text._printf_common
                0x0800c750       0xde C:/ST/STM32CubeIDE_1.18.0/STM32CubeIDE/plugins/com.st.stm32cube.ide.mcu.externaltools.gnu-tools-for-stm32.13.3.rel1.win32_1.0.0.202411081344/tools/bin/../lib/gcc/arm-none-eabi/13.3.1/../../../../arm-none-eabi/lib/thumb/v6-m/nofp\libc_nano.a(libc_a-nano-vfprintf_i.o)
                0x0800c750                _printf_common
 *fill*         0x0800c82e        0x2 
 .text._printf_i
                0x0800c830      0x218 C:/ST/STM32CubeIDE_1.18.0/STM32CubeIDE/plugins/com.st.stm32cube.ide.mcu.externaltools.gnu-tools-for-stm32.13.3.rel1.win32_1.0.0.202411081344/tools/bin/../lib/gcc/arm-none-eabi/13.3.1/../../../../arm-none-eabi/lib/thumb/v6-m/nofp\libc_nano.a(libc_a-nano-vfprintf_i.o)
                0x0800c830                _printf_i
 .text.__sflush_r
                0x0800ca48      0x10c C:/ST/STM32CubeIDE_1.18.0/STM32CubeIDE/plugins/com.st.stm32cube.ide.mcu.externaltools.gnu-tools-for-stm32.13.3.rel1.win32_1.0.0.202411081344/tools/bin/../lib/gcc/arm-none-eabi/13.3.1/../../../../arm-none-eabi/lib/thumb/v6-m/nofp\libc_nano.a(libc_a-fflush.o)
                0x0800ca48                __sflush_r
 .text._fflush_r
                0x0800cb54       0x56 C:/ST/STM32CubeIDE_1.18.0/STM32CubeIDE/plugins/com.st.stm32cube.ide.mcu.externaltools.gnu-tools-for-stm32.13.3.rel1.win32_1.0.0.202411081344/tools/bin/../lib/gcc/arm-none-eabi/13.3.1/../../../../arm-none-eabi/lib/thumb/v6-m/nofp\libc_nano.a(libc_a-fflush.o)
                0x0800cb54                _fflush_r
 *fill*         0x0800cbaa        0x2 
 .text.__swhatbuf_r
                0x0800cbac       0x54 C:/ST/STM32CubeIDE_1.18.0/STM32CubeIDE/plugins/com.st.stm32cube.ide.mcu.externaltools.gnu-tools-for-stm32.13.3.rel1.win32_1.0.0.202411081344/tools/bin/../lib/gcc/arm-none-eabi/13.3.1/../../../../arm-none-eabi/lib/thumb/v6-m/nofp\libc_nano.a(libc_a-makebuf.o)
                0x0800cbac                __swhatbuf_r
 .text.__smakebuf_r
                0x0800cc00       0x82 C:/ST/STM32CubeIDE_1.18.0/STM32CubeIDE/plugins/com.st.stm32cube.ide.mcu.externaltools.gnu-tools-for-stm32.13.3.rel1.win32_1.0.0.202411081344/tools/bin/../lib/gcc/arm-none-eabi/13.3.1/../../../../arm-none-eabi/lib/thumb/v6-m/nofp\libc_nano.a(libc_a-makebuf.o)
                0x0800cc00                __smakebuf_r
 .text._putc_r  0x0800cc82       0x6c C:/ST/STM32CubeIDE_1.18.0/STM32CubeIDE/plugins/com.st.stm32cube.ide.mcu.externaltools.gnu-tools-for-stm32.13.3.rel1.win32_1.0.0.202411081344/tools/bin/../lib/gcc/arm-none-eabi/13.3.1/../../../../arm-none-eabi/lib/thumb/v6-m/nofp\libc_nano.a(libc_a-putc.o)
                0x0800cc82                _putc_r
 *fill*         0x0800ccee        0x2 
 .text.sscanf   0x0800ccf0       0x54 C:/ST/STM32CubeIDE_1.18.0/STM32CubeIDE/plugins/com.st.stm32cube.ide.mcu.externaltools.gnu-tools-for-stm32.13.3.rel1.win32_1.0.0.202411081344/tools/bin/../lib/gcc/arm-none-eabi/13.3.1/../../../../arm-none-eabi/lib/thumb/v6-m/nofp\libc_nano.a(libc_a-sscanf.o)
                0x0800ccf0                siscanf
                0x0800ccf0                sscanf
 .text.strncmp  0x0800cd44       0x22 C:/ST/STM32CubeIDE_1.18.0/STM32CubeIDE/plugins/com.st.stm32cube.ide.mcu.externaltools.gnu-tools-for-stm32.13.3.rel1.win32_1.0.0.202411081344/tools/bin/../lib/gcc/arm-none-eabi/13.3.1/../../../../arm-none-eabi/lib/thumb/v6-m/nofp\libc_nano.a(libc_a-strncmp.o)
                0x0800cd44                strncmp
 *fill*         0x0800cd66        0x2 
 .text.__gettzinfo
                0x0800cd68        0x8 C:/ST/STM32CubeIDE_1.18.0/STM32CubeIDE/plugins/com.st.stm32cube.ide.mcu.externaltools.gnu-tools-for-stm32.13.3.rel1.win32_1.0.0.202411081344/tools/bin/../lib/gcc/arm-none-eabi/13.3.1/../../../../arm-none-eabi/lib/thumb/v6-m/nofp\libc_nano.a(libc_a-gettzinfo.o)
                0x0800cd68                __gettzinfo
 .text.gmtime_r
                0x0800cd70      0x1a8 C:/ST/STM32CubeIDE_1.18.0/STM32CubeIDE/plugins/com.st.stm32cube.ide.mcu.externaltools.gnu-tools-for-stm32.13.3.rel1.win32_1.0.0.202411081344/tools/bin/../lib/gcc/arm-none-eabi/13.3.1/../../../../arm-none-eabi/lib/thumb/v6-m/nofp\libc_nano.a(libc_a-gmtime_r.o)
                0x0800cd70                gmtime_r
 .text._fstat_r
                0x0800cf18       0x24 C:/ST/STM32CubeIDE_1.18.0/STM32CubeIDE/plugins/com.st.stm32cube.ide.mcu.externaltools.gnu-tools-for-stm32.13.3.rel1.win32_1.0.0.202411081344/tools/bin/../lib/gcc/arm-none-eabi/13.3.1/../../../../arm-none-eabi/lib/thumb/v6-m/nofp\libc_nano.a(libc_a-fstatr.o)
                0x0800cf18                _fstat_r
 .text._isatty_r
                0x0800cf3c       0x24 C:/ST/STM32CubeIDE_1.18.0/STM32CubeIDE/plugins/com.st.stm32cube.ide.mcu.externaltools.gnu-tools-for-stm32.13.3.rel1.win32_1.0.0.202411081344/tools/bin/../lib/gcc/arm-none-eabi/13.3.1/../../../../arm-none-eabi/lib/thumb/v6-m/nofp\libc_nano.a(libc_a-isattyr.o)
                0x0800cf3c                _isatty_r
 .text.memchr   0x0800cf60       0x16 C:/ST/STM32CubeIDE_1.18.0/STM32CubeIDE/plugins/com.st.stm32cube.ide.mcu.externaltools.gnu-tools-for-stm32.13.3.rel1.win32_1.0.0.202411081344/tools/bin/../lib/gcc/arm-none-eabi/13.3.1/../../../../arm-none-eabi/lib/thumb/v6-m/nofp\libc_nano.a(libc_a-memchr-stub.o)
                0x0800cf60                memchr
 *fill*         0x0800cf76        0x2 
 .text.__env_lock
                0x0800cf78       0x10 C:/ST/STM32CubeIDE_1.18.0/STM32CubeIDE/plugins/com.st.stm32cube.ide.mcu.externaltools.gnu-tools-for-stm32.13.3.rel1.win32_1.0.0.202411081344/tools/bin/../lib/gcc/arm-none-eabi/13.3.1/../../../../arm-none-eabi/lib/thumb/v6-m/nofp\libc_nano.a(libc_a-envlock.o)
                0x0800cf78                __env_lock
 .text.__env_unlock
                0x0800cf88       0x10 C:/ST/STM32CubeIDE_1.18.0/STM32CubeIDE/plugins/com.st.stm32cube.ide.mcu.externaltools.gnu-tools-for-stm32.13.3.rel1.win32_1.0.0.202411081344/tools/bin/../lib/gcc/arm-none-eabi/13.3.1/../../../../arm-none-eabi/lib/thumb/v6-m/nofp\libc_nano.a(libc_a-envlock.o)
                0x0800cf88                __env_unlock
 .text._realloc_r
                0x0800cf98       0x60 C:/ST/STM32CubeIDE_1.18.0/STM32CubeIDE/plugins/com.st.stm32cube.ide.mcu.externaltools.gnu-tools-for-stm32.13.3.rel1.win32_1.0.0.202411081344/tools/bin/../lib/gcc/arm-none-eabi/13.3.1/../../../../arm-none-eabi/lib/thumb/v6-m/nofp\libc_nano.a(libc_a-reallocr.o)
                0x0800cf98                _realloc_r
 .text._sungetc_r
                0x0800cff8       0x78 C:/ST/STM32CubeIDE_1.18.0/STM32CubeIDE/plugins/com.st.stm32cube.ide.mcu.externaltools.gnu-tools-for-stm32.13.3.rel1.win32_1.0.0.202411081344/tools/bin/../lib/gcc/arm-none-eabi/13.3.1/../../../../arm-none-eabi/lib/thumb/v6-m/nofp\libc_nano.a(libc_a-nano-svfscanf.o)
                0x0800cff8                _sungetc_r
 .text.__ssrefill_r
                0x0800d070       0x3e C:/ST/STM32CubeIDE_1.18.0/STM32CubeIDE/plugins/com.st.stm32cube.ide.mcu.externaltools.gnu-tools-for-stm32.13.3.rel1.win32_1.0.0.202411081344/tools/bin/../lib/gcc/arm-none-eabi/13.3.1/../../../../arm-none-eabi/lib/thumb/v6-m/nofp\libc_nano.a(libc_a-nano-svfscanf.o)
                0x0800d070                __ssrefill_r
 *fill*         0x0800d0ae        0x2 
 .text.__ssvfscanf_r
                0x0800d0b0      0x2c8 C:/ST/STM32CubeIDE_1.18.0/STM32CubeIDE/plugins/com.st.stm32cube.ide.mcu.externaltools.gnu-tools-for-stm32.13.3.rel1.win32_1.0.0.202411081344/tools/bin/../lib/gcc/arm-none-eabi/13.3.1/../../../../arm-none-eabi/lib/thumb/v6-m/nofp\libc_nano.a(libc_a-nano-svfscanf.o)
                0x0800d0b0                __ssvfiscanf_r
                0x0800d0b0                __ssvfscanf_r
 .text._scanf_chars
                0x0800d378       0xc0 C:/ST/STM32CubeIDE_1.18.0/STM32CubeIDE/plugins/com.st.stm32cube.ide.mcu.externaltools.gnu-tools-for-stm32.13.3.rel1.win32_1.0.0.202411081344/tools/bin/../lib/gcc/arm-none-eabi/13.3.1/../../../../arm-none-eabi/lib/thumb/v6-m/nofp\libc_nano.a(libc_a-nano-vfscanf_i.o)
                0x0800d378                _scanf_chars
 .text._scanf_i
                0x0800d438      0x200 C:/ST/STM32CubeIDE_1.18.0/STM32CubeIDE/plugins/com.st.stm32cube.ide.mcu.externaltools.gnu-tools-for-stm32.13.3.rel1.win32_1.0.0.202411081344/tools/bin/../lib/gcc/arm-none-eabi/13.3.1/../../../../arm-none-eabi/lib/thumb/v6-m/nofp\libc_nano.a(libc_a-nano-vfscanf_i.o)
                0x0800d438                _scanf_i
 .text.__sccl   0x0800d638       0x72 C:/ST/STM32CubeIDE_1.18.0/STM32CubeIDE/plugins/com.st.stm32cube.ide.mcu.externaltools.gnu-tools-for-stm32.13.3.rel1.win32_1.0.0.202411081344/tools/bin/../lib/gcc/arm-none-eabi/13.3.1/../../../../arm-none-eabi/lib/thumb/v6-m/nofp\libc_nano.a(libc_a-sccl.o)
                0x0800d638                __sccl
 *fill*         0x0800d6aa        0x2 
 .text.__submore
                0x0800d6ac       0x7c C:/ST/STM32CubeIDE_1.18.0/STM32CubeIDE/plugins/com.st.stm32cube.ide.mcu.externaltools.gnu-tools-for-stm32.13.3.rel1.win32_1.0.0.202411081344/tools/bin/../lib/gcc/arm-none-eabi/13.3.1/../../../../arm-none-eabi/lib/thumb/v6-m/nofp\libc_nano.a(libc_a-ungetc.o)
                0x0800d6ac                __submore
 .text._strtol_l.isra.0
                0x0800d728      0x114 C:/ST/STM32CubeIDE_1.18.0/STM32CubeIDE/plugins/com.st.stm32cube.ide.mcu.externaltools.gnu-tools-for-stm32.13.3.rel1.win32_1.0.0.202411081344/tools/bin/../lib/gcc/arm-none-eabi/13.3.1/../../../../arm-none-eabi/lib/thumb/v6-m/nofp\libc_nano.a(libc_a-strtol.o)
 .text._strtol_r
                0x0800d83c        0x8 C:/ST/STM32CubeIDE_1.18.0/STM32CubeIDE/plugins/com.st.stm32cube.ide.mcu.externaltools.gnu-tools-for-stm32.13.3.rel1.win32_1.0.0.202411081344/tools/bin/../lib/gcc/arm-none-eabi/13.3.1/../../../../arm-none-eabi/lib/thumb/v6-m/nofp\libc_nano.a(libc_a-strtol.o)
                0x0800d83c                _strtol_r
 *(.glue_7)
 .glue_7        0x0800d844        0x0 linker stubs
 *(.glue_7t)
 .glue_7t       0x0800d844        0x0 linker stubs
 *(.eh_frame)
 .eh_frame      0x0800d844        0x0 C:/ST/STM32CubeIDE_1.18.0/STM32CubeIDE/plugins/com.st.stm32cube.ide.mcu.externaltools.gnu-tools-for-stm32.13.3.rel1.win32_1.0.0.202411081344/tools/bin/../lib/gcc/arm-none-eabi/13.3.1/thumb/v6-m/nofp/crtbegin.o
 *(.init)
 .init          0x0800d844        0x4 C:/ST/STM32CubeIDE_1.18.0/STM32CubeIDE/plugins/com.st.stm32cube.ide.mcu.externaltools.gnu-tools-for-stm32.13.3.rel1.win32_1.0.0.202411081344/tools/bin/../lib/gcc/arm-none-eabi/13.3.1/thumb/v6-m/nofp/crti.o
                0x0800d844                _init
 .init          0x0800d848        0x8 C:/ST/STM32CubeIDE_1.18.0/STM32CubeIDE/plugins/com.st.stm32cube.ide.mcu.externaltools.gnu-tools-for-stm32.13.3.rel1.win32_1.0.0.202411081344/tools/bin/../lib/gcc/arm-none-eabi/13.3.1/thumb/v6-m/nofp/crtn.o
 *(.fini)
 .fini          0x0800d850        0x4 C:/ST/STM32CubeIDE_1.18.0/STM32CubeIDE/plugins/com.st.stm32cube.ide.mcu.externaltools.gnu-tools-for-stm32.13.3.rel1.win32_1.0.0.202411081344/tools/bin/../lib/gcc/arm-none-eabi/13.3.1/thumb/v6-m/nofp/crti.o
                0x0800d850                _fini
 .fini          0x0800d854        0x8 C:/ST/STM32CubeIDE_1.18.0/STM32CubeIDE/plugins/com.st.stm32cube.ide.mcu.externaltools.gnu-tools-for-stm32.13.3.rel1.win32_1.0.0.202411081344/tools/bin/../lib/gcc/arm-none-eabi/13.3.1/thumb/v6-m/nofp/crtn.o
                0x0800d85c                        . = ALIGN (0x4)
                0x0800d85c                        _etext = .

.vfp11_veneer   0x0800d85c        0x0
 .vfp11_veneer  0x0800d85c        0x0 linker stubs

.v4_bx          0x0800d85c        0x0
 .v4_bx         0x0800d85c        0x0 linker stubs

.iplt           0x0800d85c        0x0
 .iplt          0x0800d85c        0x0 C:/ST/STM32CubeIDE_1.18.0/STM32CubeIDE/plugins/com.st.stm32cube.ide.mcu.externaltools.gnu-tools-for-stm32.13.3.rel1.win32_1.0.0.202411081344/tools/bin/../lib/gcc/arm-none-eabi/13.3.1/thumb/v6-m/nofp/crtbegin.o

.rodata         0x0800d85c      0xc00
                0x0800d85c                        . = ALIGN (0x4)
 *(.rodata)
 .rodata        0x0800d85c       0x16 ./Core/Middlewares/Queue/Queue.o
 *fill*         0x0800d872        0x2 
 .rodata        0x0800d874       0x35 ./Core/Middlewares/Scheduler/Scheduler.o
 *fill*         0x0800d8a9        0x3 
 .rodata        0x0800d8ac        0x5 ./Drivers/UART/UART.o
 *fill*         0x0800d8b1        0x3 
 .rodata        0x0800d8b4       0x5a ./HumPRO_900/HumPRO_900.o
 *fill*         0x0800d90e        0x2 
 .rodata        0x0800d910       0x15 ./HumPRO_900/HumPRO_900_Receiver.o
 *fill*         0x0800d925        0x3 
 .rodata        0x0800d928      0x327 ./sdk-stm32l0xx/src/Module.o
 *fill*         0x0800dc4f        0x1 
 .rodata        0x0800dc50       0x41 ./sdk-stm32l0xx/src/Module_Bus_Driver.o
 *fill*         0x0800dc91        0x3 
 .rodata        0x0800dc94       0x44 ./sdk-stm32l0xx/src/MsgQueue.o
 .rodata        0x0800dcd8       0x4e ./sdk-stm32l0xx/src/RTC.o
 *fill*         0x0800dd26        0x2 
 .rodata        0x0800dd28       0x7e ./sdk-stm32l0xx/src/Reg_Level_I2C_Slave.o
 *fill*         0x0800dda6        0x2 
 .rodata        0x0800dda8      0x2e2 ./sdk-stm32l0xx/src/util.o
 *fill*         0x0800e08a        0x2 
 .rodata        0x0800e08c        0xc C:/ST/STM32CubeIDE_1.18.0/STM32CubeIDE/plugins/com.st.stm32cube.ide.mcu.externaltools.gnu-tools-for-stm32.13.3.rel1.win32_1.0.0.202411081344/tools/bin/../lib/gcc/arm-none-eabi/13.3.1/../../../../arm-none-eabi/lib/thumb/v6-m/nofp\libc_nano.a(libc_a-nano-vfscanf_i.o)
 .rodata        0x0800e098       0x7c C:/ST/STM32CubeIDE_1.18.0/STM32CubeIDE/plugins/com.st.stm32cube.ide.mcu.externaltools.gnu-tools-for-stm32.13.3.rel1.win32_1.0.0.202411081344/tools/bin/../lib/gcc/arm-none-eabi/13.3.1/thumb/v6-m/nofp\libgcc.a(divsf3.o)
 *(.rodata*)
 .rodata.FWVer  0x0800e114        0x4 ./Core/Src/main.o
                0x0800e114                FWVer
 .rodata.Primary_Slave_Addr
                0x0800e118        0x1 ./Core/Src/main.o
                0x0800e118                Primary_Slave_Addr
 *fill*         0x0800e119        0x3 
 .rodata.AHBPrescTable
                0x0800e11c       0x10 ./Core/Src/system_stm32l0xx.o
                0x0800e11c                AHBPrescTable
 .rodata.APBPrescTable
                0x0800e12c        0x8 ./Core/Src/system_stm32l0xx.o
                0x0800e12c                APBPrescTable
 .rodata.PLLMulTable
                0x0800e134        0x9 ./Core/Src/system_stm32l0xx.o
                0x0800e134                PLLMulTable
 *fill*         0x0800e13d        0x3 
 .rodata.UART_SetConfig
                0x0800e140       0x48 ./Drivers/STM32L0xx_HAL_Driver/Src/stm32l0xx_hal_uart.o
 .rodata.HumPRO_900_Task
                0x0800e188       0x28 ./HumPRO_900/HumPRO_900.o
 .rodata.Parser_Module_Command
                0x0800e1b0       0x28 ./sdk-stm32l0xx/src/Module_Bus_Command_Parser.o
 .rodata.Update_I2C_State_Machine
                0x0800e1d8       0x24 ./sdk-stm32l0xx/src/Reg_Level_I2C_Slave.o
 .rodata._DAYS_BEFORE_MONTH
                0x0800e1fc       0x30 C:/ST/STM32CubeIDE_1.18.0/STM32CubeIDE/plugins/com.st.stm32cube.ide.mcu.externaltools.gnu-tools-for-stm32.13.3.rel1.win32_1.0.0.202411081344/tools/bin/../lib/gcc/arm-none-eabi/13.3.1/../../../../arm-none-eabi/lib/thumb/v6-m/nofp\libc_nano.a(libc_a-mktime.o)
 .rodata.DAYS_IN_MONTH
                0x0800e22c       0x30 C:/ST/STM32CubeIDE_1.18.0/STM32CubeIDE/plugins/com.st.stm32cube.ide.mcu.externaltools.gnu-tools-for-stm32.13.3.rel1.win32_1.0.0.202411081344/tools/bin/../lib/gcc/arm-none-eabi/13.3.1/../../../../arm-none-eabi/lib/thumb/v6-m/nofp\libc_nano.a(libc_a-mktime.o)
 .rodata.__month_lengths
                0x0800e25c       0x60 C:/ST/STM32CubeIDE_1.18.0/STM32CubeIDE/plugins/com.st.stm32cube.ide.mcu.externaltools.gnu-tools-for-stm32.13.3.rel1.win32_1.0.0.202411081344/tools/bin/../lib/gcc/arm-none-eabi/13.3.1/../../../../arm-none-eabi/lib/thumb/v6-m/nofp\libc_nano.a(libc_a-month_lengths.o)
                0x0800e25c                __month_lengths
 .rodata._tzset_unlocked_r.str1.1
                0x0800e2bc       0x9c C:/ST/STM32CubeIDE_1.18.0/STM32CubeIDE/plugins/com.st.stm32cube.ide.mcu.externaltools.gnu-tools-for-stm32.13.3.rel1.win32_1.0.0.202411081344/tools/bin/../lib/gcc/arm-none-eabi/13.3.1/../../../../arm-none-eabi/lib/thumb/v6-m/nofp\libc_nano.a(libc_a-tzset_r.o)
                                 0x61 (size before relaxing)
 .rodata.str1.1