../Core/Src/stm32l0xx_hal_msp.c:66:6:HAL_MspInit	8	static
../Core/Src/stm32l0xx_hal_msp.c:88:6:HAL_CRC_MspInit	24	static
../Core/Src/stm32l0xx_hal_msp.c:110:6:HAL_CRC_MspDeInit	16	static
../Core/Src/stm32l0xx_hal_msp.c:132:6:HAL_I2C_MspInit	48	static
../Core/Src/stm32l0xx_hal_msp.c:171:6:HAL_I2C_MspDeInit	16	static
../Core/Src/stm32l0xx_hal_msp.c:204:6:HAL_TIM_Base_MspInit	16	static
../Core/Src/stm32l0xx_hal_msp.c:243:6:HAL_TIM_Base_MspDeInit	16	static
../Core/Src/stm32l0xx_hal_msp.c:282:6:HAL_UART_MspInit	56	static
../Core/Src/stm32l0xx_hal_msp.c:409:6:HAL_UART_MspDeInit	16	static
