../Core/Src/stm32l0xx_it.c:76:6:NMI_Handler	8	static
../Core/Src/stm32l0xx_it.c:91:6:HardFault_Handler	8	static
../Core/Src/stm32l0xx_it.c:106:6:SVC_Handler	8	static
../Core/Src/stm32l0xx_it.c:119:6:PendSV_Handler	8	static
../Core/Src/stm32l0xx_it.c:132:6:SysTick_Handler	8	static
../Core/Src/stm32l0xx_it.c:153:6:EXTI4_15_IRQHandler	8	static
../Core/Src/stm32l0xx_it.c:167:6:DMA1_Channel2_3_IRQHandler	8	static
../Core/Src/stm32l0xx_it.c:182:6:USART4_5_IRQHandler	8	static
../Core/Src/stm32l0xx_it.c:196:6:TIM2_IRQHandler	8	static
../Core/Src/stm32l0xx_it.c:210:6:TIM21_IRQHandler	8	static
../Core/Src/stm32l0xx_it.c:224:6:I2C1_IRQHandler	8	static
../Core/Src/stm32l0xx_it.c:245:6:USART1_IRQHandler	8	static
../Core/Src/stm32l0xx_it.c:259:6:USART2_IRQHandler	8	static
