../Core/Middlewares/Scheduler/Scheduler.c:31:6:Start_Scheduler	16	static
../Core/Middlewares/Scheduler/Scheduler.c:42:13:Scheduler_Tasks	32	static
../Core/Middlewares/Scheduler/Scheduler.c:70:6:Run_Scheduler_Tasks	24	static
../Core/Middlewares/Scheduler/Scheduler.c:99:10:Start_Task	32	static
../Core/Middlewares/Scheduler/Scheduler.c:132:6:Delete_Task	8	static
../Core/Middlewares/Scheduler/Scheduler.c:137:6:Resume_Task	24	static
../Core/Middlewares/Scheduler/Scheduler.c:155:6:Halt_Task	24	static
../Core/Middlewares/Scheduler/Scheduler.c:173:6:Modify_Task_Timeout	24	static
../Core/Middlewares/Scheduler/Scheduler.c:192:6:Set_Task_Name	24	static
../Core/Middlewares/Scheduler/Scheduler.c:211:14:Get_Scheduler_Tasks	8	static
../Core/Middlewares/Scheduler/Scheduler.c:216:8:Task_malloc	32	static
../Core/Middlewares/Scheduler/Scheduler.c:238:6:Task_free	32	static
../Core/Middlewares/Scheduler/Scheduler.c:258:6:Task_Add_Heap_Size	24	static
