C:/Users/14005/Documents/ACI_Work/RFIO/new_smart/rfio_transceiver/sdk-stm32l0xx/Inc/util.h:73:24:pmdGetMsTicks	8	static
C:/Users/14005/Documents/ACI_Work/RFIO/new_smart/rfio_transceiver/sdk-stm32l0xx/Inc/util.h:85:20:TimesUp	16	static
../sdk-stm32l0xx/src/led_task.c:20:13:module_lit_led	8	static
../sdk-stm32l0xx/src/led_task.c:25:13:module_dim_led	8	static
../sdk-stm32l0xx/src/led_task.c:40:13:led_set_state	8	static
../sdk-stm32l0xx/src/led_task.c:55:20:led_set_timer	16	static
../sdk-stm32l0xx/src/led_task.c:60:20:led_clr_timer	8	static
../sdk-stm32l0xx/src/led_task.c:65:12:led_check_timer	8	static
../sdk-stm32l0xx/src/led_task.c:79:13:led_no_blink	8	static
../sdk-stm32l0xx/src/led_task.c:101:6:led_blink_task	16	static
../sdk-stm32l0xx/src/led_task.c:127:6:led_always_dim	8	static
../sdk-stm32l0xx/src/led_task.c:133:6:led_always_lit	8	static
../sdk-stm32l0xx/src/led_task.c:140:6:led_blink_fast	8	static
../sdk-stm32l0xx/src/led_task.c:148:6:led_blink_normal	8	static
../sdk-stm32l0xx/src/led_task.c:156:6:led_blink_slow	8	static
../sdk-stm32l0xx/src/led_task.c:164:6:led_blink_freq	16	static
