../sdk-stm32l0xx/src/Module.c:18:6:Init_Module	16	static
../sdk-stm32l0xx/src/Module.c:26:6:Init_Module_Info	96	static
../sdk-stm32l0xx/src/Module.c:83:6:Update_Module_Info	80	static
../sdk-stm32l0xx/src/Module.c:109:6:Write_Module_Info	16	static
../sdk-stm32l0xx/src/Module.c:128:6:Set_Default_Module_Info	16	static
../sdk-stm32l0xx/src/Module.c:155:6:DumpModuleInfo	88	static
../sdk-stm32l0xx/src/Module.c:178:6:Set_Bootloader_Flag	8	static
../sdk-stm32l0xx/src/Module.c:184:6:Write_Bootloader_Version	16	static
../sdk-stm32l0xx/src/Module.c:190:6:Write_Firmware_Info_To_EEPROM	48	static
