C:/Users/14005/Documents/ACI_Work/RFIO/new_smart/rfio_transceiver/sdk-stm32l0xx/Inc/util.h:73:24:pmdGetMsTicks	8	static
C:/Users/14005/Documents/ACI_Work/RFIO/new_smart/rfio_transceiver/sdk-stm32l0xx/Inc/util.h:80:20:TimedOut	16	static
C:/Users/14005/Documents/ACI_Work/RFIO/new_smart/rfio_transceiver/sdk-stm32l0xx/Inc/RingBuf8.h:21:13:RB8_Init	16	static
C:/Users/14005/Documents/ACI_Work/RFIO/new_smart/rfio_transceiver/sdk-stm32l0xx/Inc/RingBuf8.h:26:16:RB8_Pop	16	static
C:/Users/14005/Documents/ACI_Work/RFIO/new_smart/rfio_transceiver/sdk-stm32l0xx/Inc/RingBuf8.h:44:16:RB8_IsEmpty	16	static
C:/Users/14005/Documents/ACI_Work/RFIO/new_smart/rfio_transceiver/sdk-stm32l0xx/Inc/RingBuf8.h:84:16:RB8_PushDrop	16	static
../sdk-stm32l0xx/src/Reg_Level_I2C_Slave.c:126:6:Init_I2C_Slave	8	static
../sdk-stm32l0xx/src/Reg_Level_I2C_Slave.c:160:6:Is_I2C_Bus_Idle	8	static
../sdk-stm32l0xx/src/Reg_Level_I2C_Slave.c:175:6:Send_Next_Queued_Packet	8	static
../sdk-stm32l0xx/src/Reg_Level_I2C_Slave.c:208:6:Send_Nada_Packet	8	static
../sdk-stm32l0xx/src/Reg_Level_I2C_Slave.c:246:6:Update_I2C_State_Machine	8	static
../sdk-stm32l0xx/src/Reg_Level_I2C_Slave.c:437:19:SDK_I2C1_IRQHandler	48	static
